Archive member included to satisfy reference by file (symbol)

c:/program files (x86)/atmel/studio/7.0/toolchain/avr8/avr8-gnu-toolchain/bin/../lib/gcc/avr/5.4.0/avr6\libgcc.a(_udivmodhi4.o)
                              src/at30ts.o (__udivmodhi4)
c:/program files (x86)/atmel/studio/7.0/toolchain/avr8/avr8-gnu-toolchain/bin/../lib/gcc/avr/5.4.0/avr6\libgcc.a(_exit.o)
                              C:/Program Files (x86)/Atmel/Studio/7.0/Packs/atmel/ATmega_DFP/1.3.300/gcc/dev/atmega256rfr2/avr6/crtatmega256rfr2.o (exit)
c:/program files (x86)/atmel/studio/7.0/toolchain/avr8/avr8-gnu-toolchain/bin/../lib/gcc/avr/5.4.0/avr6\libgcc.a(_tablejump2.o)
                              src/ASF/mega/drivers/twi/twi_megarf.o (__tablejump2__)
c:/program files (x86)/atmel/studio/7.0/toolchain/avr8/avr8-gnu-toolchain/bin/../lib/gcc/avr/5.4.0/avr6\libgcc.a(_copy_data.o)
                              template.o (__do_copy_data)
c:/program files (x86)/atmel/studio/7.0/toolchain/avr8/avr8-gnu-toolchain/bin/../lib/gcc/avr/5.4.0/avr6\libgcc.a(_clear_bss.o)
                              stack/phy/atmegarfr2/src/phy.o (__do_clear_bss)
c:/program files (x86)/atmel/studio/7.0/toolchain/avr8/avr8-gnu-toolchain/bin/../lib/gcc/avr/5.4.0/../../../../avr/lib/avr6\libm.a(cmpsf2.o)
                              src/Formulaire/Patient.o (__ltsf2)
c:/program files (x86)/atmel/studio/7.0/toolchain/avr8/avr8-gnu-toolchain/bin/../lib/gcc/avr/5.4.0/../../../../avr/lib/avr6\libm.a(fp_cmp.o)
                              c:/program files (x86)/atmel/studio/7.0/toolchain/avr8/avr8-gnu-toolchain/bin/../lib/gcc/avr/5.4.0/../../../../avr/lib/avr6\libm.a(cmpsf2.o) (__fp_cmp)
c:/program files (x86)/atmel/studio/7.0/toolchain/avr8/avr8-gnu-toolchain/bin/../lib/gcc/avr/5.4.0/../../../../avr/lib/avr6\libm.a(gesf2.o)
                              src/Formulaire/Patient.o (__gtsf2)
c:/program files (x86)/atmel/studio/7.0/toolchain/avr8/avr8-gnu-toolchain/bin/../lib/gcc/avr/5.4.0/../../../../avr/lib/avr6\libc.a(atof.o)
                              src/temperature.o (atof)
c:/program files (x86)/atmel/studio/7.0/toolchain/avr8/avr8-gnu-toolchain/bin/../lib/gcc/avr/5.4.0/../../../../avr/lib/avr6\libc.a(memcpy.o)
                              src/at30ts.o (memcpy)
c:/program files (x86)/atmel/studio/7.0/toolchain/avr8/avr8-gnu-toolchain/bin/../lib/gcc/avr/5.4.0/../../../../avr/lib/avr6\libc.a(strcpy.o)
                              src/Formulaire/Form.o (strcpy)
c:/program files (x86)/atmel/studio/7.0/toolchain/avr8/avr8-gnu-toolchain/bin/../lib/gcc/avr/5.4.0/../../../../avr/lib/avr6\libc.a(sprintf.o)
                              src/temperature.o (sprintf)
c:/program files (x86)/atmel/studio/7.0/toolchain/avr8/avr8-gnu-toolchain/bin/../lib/gcc/avr/5.4.0/../../../../avr/lib/avr6\libc.a(sscanf.o)
                              src/Formulaire/Form.o (sscanf)
c:/program files (x86)/atmel/studio/7.0/toolchain/avr8/avr8-gnu-toolchain/bin/../lib/gcc/avr/5.4.0/../../../../avr/lib/avr6\libc.a(vsprintf.o)
                              src/CUMmunication.o (vsprintf)
c:/program files (x86)/atmel/studio/7.0/toolchain/avr8/avr8-gnu-toolchain/bin/../lib/gcc/avr/5.4.0/../../../../avr/lib/avr6\libc.a(vfprintf_std.o)
                              c:/program files (x86)/atmel/studio/7.0/toolchain/avr8/avr8-gnu-toolchain/bin/../lib/gcc/avr/5.4.0/../../../../avr/lib/avr6\libc.a(sprintf.o) (vfprintf)
c:/program files (x86)/atmel/studio/7.0/toolchain/avr8/avr8-gnu-toolchain/bin/../lib/gcc/avr/5.4.0/../../../../avr/lib/avr6\libc.a(vfscanf_std.o)
                              c:/program files (x86)/atmel/studio/7.0/toolchain/avr8/avr8-gnu-toolchain/bin/../lib/gcc/avr/5.4.0/../../../../avr/lib/avr6\libc.a(sscanf.o) (vfscanf)
c:/program files (x86)/atmel/studio/7.0/toolchain/avr8/avr8-gnu-toolchain/bin/../lib/gcc/avr/5.4.0/../../../../avr/lib/avr6\libc.a(strtod.o)
                              c:/program files (x86)/atmel/studio/7.0/toolchain/avr8/avr8-gnu-toolchain/bin/../lib/gcc/avr/5.4.0/../../../../avr/lib/avr6\libc.a(atof.o) (strtod)
c:/program files (x86)/atmel/studio/7.0/toolchain/avr8/avr8-gnu-toolchain/bin/../lib/gcc/avr/5.4.0/../../../../avr/lib/avr6\libc.a(isspace.o)
                              c:/program files (x86)/atmel/studio/7.0/toolchain/avr8/avr8-gnu-toolchain/bin/../lib/gcc/avr/5.4.0/../../../../avr/lib/avr6\libc.a(vfscanf_std.o) (isspace)
c:/program files (x86)/atmel/studio/7.0/toolchain/avr8/avr8-gnu-toolchain/bin/../lib/gcc/avr/5.4.0/../../../../avr/lib/avr6\libc.a(strchr_P.o)
                              c:/program files (x86)/atmel/studio/7.0/toolchain/avr8/avr8-gnu-toolchain/bin/../lib/gcc/avr/5.4.0/../../../../avr/lib/avr6\libc.a(vfscanf_std.o) (strchr_P)
c:/program files (x86)/atmel/studio/7.0/toolchain/avr8/avr8-gnu-toolchain/bin/../lib/gcc/avr/5.4.0/../../../../avr/lib/avr6\libc.a(strncasecmp_P.o)
[...]
Memory Configuration

Name             Origin             Length             Attributes
text             0x00000000         0x00100000         xr
data             0x00800200         0x0000fe00         rw !x
eeprom           0x00810000         0x00010000         rw !x
fuse             0x00820000         0x00000003         rw !x
lock             0x00830000         0x00000400         rw !x
signature        0x00840000         0x00000400         rw !x
user_signatures  0x00850000         0x00000400         rw !x
*default*        0x00000000         0xffffffff

Linker script and memory map

Address of section .data set to 0x800200
LOAD C:/Program Files (x86)/Atmel/Studio/7.0/Packs/atmel/ATmega_DFP/1.3.300/gcc/dev/atmega256rfr2/avr6/crtatmega256rfr2.o
LOAD stack/phy/atmegarfr2/src/phy.o
LOAD template.o
LOAD src/at30ts.o
LOAD src/CUMmunication.o
LOAD src/Formulaire/Form.o
LOAD src/Formulaire/Patient.o
LOAD src/temperature.o
LOAD src/ASF/common/services/clock/mega/sysclk.o
LOAD src/ASF/mega/boards/atmega256rfr2_xplained_pro/init.o
LOAD src/ASF/mega/drivers/twi/twi_megarf.o
START GROUP
END GROUP
START GROUP
LOAD c:/program files (x86)/atmel/studio/7.0/toolchain/avr8/avr8-gnu-toolchain/bin/../lib/gcc/avr/5.4.0/avr6\libgcc.a
LOAD c:/program files (x86)/atmel/studio/7.0/toolchain/avr8/avr8-gnu-toolchain/bin/../lib/gcc/avr/5.4.0/../../../../avr/lib/avr6\libm.a
LOAD c:/program files (x86)/atmel/studio/7.0/toolchain/avr8/avr8-gnu-toolchain/bin/../lib/gcc/avr/5.4.0/../../../../avr/lib/avr6\libc.a
LOAD C:/Program Files (x86)/Atmel/Studio/7.0/Packs/atmel/ATmega_DFP/1.3.300/gcc/dev/atmega256rfr2/avr6\libatmega256rfr2.a
END GROUP
                0x00000000                __TEXT_REGION_ORIGIN__ = DEFINED (__TEXT_REGION_ORIGIN__)?__TEXT_REGION_ORIGIN__:0x0
                0x00800200                __DATA_REGION_ORIGIN__ = DEFINED (__DATA_REGION_ORIGIN__)?__DATA_REGION_ORIGIN__:0x800200
                0x00100000                __TEXT_REGION_LENGTH__ = DEFINED (__TEXT_REGION_LENGTH__)?__TEXT_REGION_LENGTH__:0x100000
                0x0000fe00                __DATA_REGION_LENGTH__ = DEFINED (__DATA_REGION_LENGTH__)?__DATA_REGION_LENGTH__:0xfe00
                0x00010000                __EEPROM_REGION_LENGTH__ = DEFINED (__EEPROM_REGION_LENGTH__)?__EEPROM_REGION_LENGTH__:0x10000
                [0x00000003]                __FUSE_REGION_LENGTH__ = DEFINED (__FUSE_REGION_LENGTH__)?__FUSE_REGION_LENGTH__:0x400
                0x00000400                __LOCK_REGION_LENGTH__ = DEFINED (__LOCK_REGION_LENGTH__)?__LOCK_REGION_LENGTH__:0x400
                0x00000400                __SIGNATURE_REGION_LENGTH__ = DEFINED (__SIGNATURE_REGION_LENGTH__)?__SIGNATURE_REGION_LENGTH__:0x400
                0x00000400                __USER_SIGNATURE_REGION_LENGTH__ = DEFINED (__USER_SIGNATURE_REGION_LENGTH__)?__USER_SIGNATURE_REGION_LENGTH__:0x400

.hash
 *(.hash)

.dynsym
 *(.dynsym)

.dynstr
 *(.dynstr)

.gnu.version
 *(.gnu.version)

.gnu.version_d
 *(.gnu.version_d)

.gnu.version_r
 *(.gnu.version_r)

.rel.init
 *(.rel.init)

.rela.init
 *(.rela.init)

.rel.text
 *(.rel.text)
 *(.rel.text.*)
 *(.rel.gnu.linkonce.t*)

.rela.text
 *(.rela.text)
 *(.rela.text.*)
 *(.rela.gnu.linkonce.t*)

.rel.fini
 *(.rel.fini)

.rela.fini
 *(.rela.fini)

.rel.rodata
 *(.rel.rodata)
 *(.rel.rodata.*)
 *(.rel.gnu.linkonce.r*)

.rela.rodata
 *(.rela.rodata)
 *(.rela.rodata.*)
 *(.rela.gnu.linkonce.r*)

.rel.data
 *(.rel.data)
 *(.rel.data.*)
 *(.rel.gnu.linkonce.d*)

.rela.data
 *(.rela.data)
 *(.rela.data.*)
 *(.rela.gnu.linkonce.d*)

.rel.ctors
 *(.rel.ctors)

.rela.ctors
 *(.rela.ctors)

.rel.dtors
 *(.rel.dtors)

.rela.dtors
 *(.rela.dtors)

.rel.got
 *(.rel.got)

.rela.got
 *(.rela.got)

.rel.bss
 *(.rel.bss)

.rela.bss
 *(.rela.bss)

.rel.plt
 *(.rel.plt)

.rela.plt
 *(.rela.plt)

.text           0x00000000     0x13f6
 *(.vectors)
 .vectors       0x00000000      0x134 C:/Program Files (x86)/Atmel/Studio/7.0/Packs/atmel/ATmega_DFP/1.3.300/gcc/dev/atmega256rfr2/avr6/crtatmega256rfr2.o
                0x00000000                __vector_default
                0x00000000                __vectors
 *(.vectors)
 *(.progmem.gcc*)
 .progmem.gcc_sw_table.__vector_39
                0x00000134      0x192 src/ASF/mega/drivers/twi/twi_megarf.o
                0x000002c6                . = ALIGN (0x2)
                0x000002c6                __trampolines_start = .
 *(.trampolines)
 .trampolines   0x000002c6        0x0 linker stubs
 *(.trampolines*)
                0x000002c6                __trampolines_end = .
 *libprintf_flt.a:*(.progmem.data)
 *libc.a:*(.progmem.data)
 *(.progmem*)
                0x000002c6                . = ALIGN (0x2)
 *(.jumptables)
 *(.jumptables*)
 *(.lowtext)
 *(.lowtext*)
                0x000002c6                __ctors_start = .
 *(.ctors)
                0x000002c6                __ctors_end = .
                0x000002c6                __dtors_start = .
 *(.dtors)
                0x000002c6                __dtors_end = .
 SORT(*)(.ctors)
 SORT(*)(.dtors)
 *(.init0)
 .init0         0x000002c6        0x0 C:/Program Files (x86)/Atmel/Studio/7.0/Packs/atmel/ATmega_DFP/1.3.300/gcc/dev/atmega256rfr2/avr6/crtatmega256rfr2.o
                0x000002c6                __init
 *(.init0)
 *(.init1)
 *(.init1)
 *(.init2)
 .init2         0x000002c6       0x10 C:/Program Files (x86)/Atmel/Studio/7.0/Packs/atmel/ATmega_DFP/1.3.300/gcc/dev/atmega256rfr2/avr6/crtatmega256rfr2.o
 *(.init2)
 *(.init3)
 *(.init3)
 *(.init4)
 .init4         0x000002d6       0x1a c:/program files (x86)/atmel/studio/7.0/toolchain/avr8/avr8-gnu-toolchain/bin/../lib/gcc/avr/5.4.0/avr6\libgcc.a(_copy_data.o)
                0x000002d6                __do_copy_data
 .init4         0x000002f0       0x10 c:/program files (x86)/atmel/studio/7.0/toolchain/avr8/avr8-gnu-toolchain/bin/../lib/gcc/avr/5.4.0/avr6\libgcc.a(_clear_bss.o)
                0x000002f0                __do_clear_bss
 *(.init4)
 *(.init5)
 *(.init5)
 *(.init6)
 *(.init6)
 *(.init7)
 *(.init7)
 *(.init8)
 *(.init8)
 *(.init9)
 .init9         0x00000300        0x6 C:/Program Files (x86)/Atmel/Studio/7.0/Packs/atmel/ATmega_DFP/1.3.300/gcc/dev/atmega256rfr2/avr6/crtatmega256rfr2.o
 *(.init9)
 *(.text)
 .text          0x00000306        0x2 C:/Program Files (x86)/Atmel/Studio/7.0/Packs/atmel/ATmega_DFP/1.3.300/gcc/dev/atmega256rfr2/avr6/crtatmega256rfr2.o
                0x00000306                __vector_38
                0x00000306                __vector_22
                0x00000306                __vector_63
                0x00000306                __vector_28
                0x00000306                __vector_67
                0x00000306                __vector_1
                0x00000306                __vector_32
                0x00000306                __vector_75
                0x00000306                __vector_71
                0x00000306                __vector_34
                0x00000306                __vector_62
                0x00000306                __vector_24
                0x00000306                __vector_12
                0x00000306                __vector_55
                0x00000306                __vector_69
                0x00000306                __vector_46
                0x00000306                __bad_interrupt
                0x00000306                __vector_72
                0x00000306                __vector_6
                0x00000306                __vector_31
                0x00000306                __vector_35
                0x00000306                __vector_74
                0x00000306                __vector_3
                0x00000306                __vector_23
                0x00000306                __vector_68
                0x00000306                __vector_30
                0x00000306                __vector_73
                0x00000306                __vector_45
                0x00000306                __vector_25
                0x00000306                __vector_61
                0x00000306                __vector_11
                0x00000306                __vector_54
                0x00000306                __vector_13
                0x00000306                __vector_17
                0x00000306                __vector_19
                0x00000306                __vector_56
                0x00000306                __vector_7
                0x00000306                __vector_49
                0x00000306                __vector_41
                0x00000306                __vector_64
                0x00000306                __vector_43
                0x00000306                __vector_27
                0x00000306                __vector_5
                0x00000306                __vector_33
                0x00000306                __vector_76
                0x00000306                __vector_47
                0x00000306                __vector_52
                0x00000306                __vector_37
                0x00000306                __vector_4
                0x00000306                __vector_44
                0x00000306                __vector_51
                0x00000306                __vector_9
                0x00000306                __vector_2
                0x00000306                __vector_21
                0x00000306                __vector_15
                0x00000306                __vector_66
                0x00000306                __vector_36
                0x00000306                __vector_58
                0x00000306                __vector_70
                0x00000306                __vector_29
                0x00000306                __vector_60
                0x00000306                __vector_40
                0x00000306                __vector_8
                0x00000306                __vector_26
                0x00000306                __vector_48
                0x00000306                __vector_14
                0x00000306                __vector_57
                0x00000306                __vector_53
                0x00000306                __vector_10
                0x00000306                __vector_50
                0x00000306                __vector_16
                0x00000306                __vector_59
                0x00000306                __vector_18
                0x00000306                __vector_20
                0x00000306                __vector_42
                0x00000306                __vector_65
                0x00000308                . = ALIGN (0x2)
 *(.text.*)
 .text.phySetChannel
                0x00000308       0x3c stack/phy/atmegarfr2/src/phy.o
 .text.phyTrxSetState
                0x00000344       0x24 stack/phy/atmegarfr2/src/phy.o
 .text.PHY_Init
                0x00000368       0x4a stack/phy/atmegarfr2/src/phy.o
                0x00000368                PHY_Init
 .text.PHY_SetRxState
                0x000003b2       0x1c stack/phy/atmegarfr2/src/phy.o
                0x000003b2                PHY_SetRxState
 .text.Ecris_Wireless
                0x000003ce       0x58 stack/phy/atmegarfr2/src/phy.o
                0x000003ce                Ecris_Wireless
 .text.PHY_TaskHandler
                0x00000426       0xa8 stack/phy/atmegarfr2/src/phy.o
                0x00000426                PHY_TaskHandler
 .text.__portable_avr_delay_cycles
                0x000004ce       0x16 template.o
 .text.SYS_Init
                0x000004e4       0x24 template.o
                0x000004e4                SYS_Init
 .text.main     0x00000508       0xc8 template.o
                0x00000508                main
 .text.attach_device
                0x000005d0       0x5c src/at30ts.o
                0x000005d0                attach_device
 .text.twi_write
                0x0000062c        0xa src/at30ts.o
                0x0000062c                twi_write
 .text.twi_read
                0x00000636        0xa src/at30ts.o
                0x00000636                twi_read
 .text.ts_read_register
                0x00000640       0x74 src/at30ts.o
                0x00000640                ts_read_register
 .text.read_temperature
                0x000006b4       0x66 src/at30ts.o
                0x000006b4                read_temperature
 .text.Ecris_UART
                0x0000071a       0x10 src/CUMmunication.o
                0x0000071a                Ecris_UART
 .text.Ecris_UART_string
                0x0000072a       0x70 src/CUMmunication.o
                0x0000072a                Ecris_UART_string
 .text.Lis_UART_string
                0x0000079a       0x7e src/CUMmunication.o
                0x0000079a                Lis_UART_string
 .text.init_UART
                0x00000818       0x1c src/CUMmunication.o
                0x00000818                init_UART
 .text.init_buff
                0x00000834       0x10 src/CUMmunication.o
                0x00000834                init_buff
 .text.receivedWirelessBLOQUANT
                0x00000844       0x50 src/CUMmunication.o
                0x00000844                receivedWirelessBLOQUANT
 .text.__portable_avr_delay_cycles
                0x00000894       0x16 src/temperature.o
 .text.TWI_init
                0x000008aa       0x6c src/temperature.o
                0x000008aa                TWI_init
 .text.getTemperatureCelsius
                0x00000916       0x50 src/temperature.o
                0x00000916                getTemperatureCelsius
 .text.sysclk_enable_module
                0x00000966       0x30 src/ASF/common/services/clock/mega/sysclk.o
                0x00000966                sysclk_enable_module
 .text.board_init
                0x00000996        0xa src/ASF/mega/boards/atmega256rfr2_xplained_pro/init.o
                0x00000996                board_init
 .text.twi_master_bus_reset
                0x000009a0       0x12 src/ASF/mega/drivers/twi/twi_megarf.o
 .text.twi_master_write
                0x000009b2       0x58 src/ASF/mega/drivers/twi/twi_megarf.o
                0x000009b2                twi_master_write
 .text.twi_master_read
                0x00000a0a       0x66 src/ASF/mega/drivers/twi/twi_megarf.o
                0x00000a0a                twi_master_read
 .text.twi_master_init
                0x00000a70       0x26 src/ASF/mega/drivers/twi/twi_megarf.o
                0x00000a70                twi_master_init
 .text.__vector_39
                0x00000a96      0x3a2 src/ASF/mega/drivers/twi/twi_megarf.o
                0x00000a96                __vector_39
 .text.libgcc   0x00000e38       0x10 c:/program files (x86)/atmel/studio/7.0/toolchain/avr8/avr8-gnu-toolchain/bin/../lib/gcc/avr/5.4.0/avr6\libgcc.a(_tablejump2.o)
                0x00000e38                __tablejump2__
 .text.avr-libc
                0x00000e48       0x50 c:/program files (x86)/atmel/studio/7.0/toolchain/avr8/avr8-gnu-toolchain/bin/../lib/gcc/avr/5.4.0/../../../../avr/lib/avr6\libc.a(vsprintf.o)
                0x00000e48                vsprintf
 .text.avr-libc
                0x00000e98      0x3fa c:/program files (x86)/atmel/studio/7.0/toolchain/avr8/avr8-gnu-toolchain/bin/../lib/gcc/avr/5.4.0/../../../../avr/lib/avr6\libc.a(vfprintf_std.o)
                0x00000e98                vfprintf
 .text.avr-libc
                0x00001292       0x16 c:/program files (x86)/atmel/studio/7.0/toolchain/avr8/avr8-gnu-toolchain/bin/../lib/gcc/avr/5.4.0/../../../../avr/lib/avr6\libc.a(strnlen_P.o)
                0x00001292                strnlen_P
 .text.avr-libc
                0x000012a8       0x16 c:/program files (x86)/atmel/studio/7.0/toolchain/avr8/avr8-gnu-toolchain/bin/../lib/gcc/avr/5.4.0/../../../../avr/lib/avr6\libc.a(strnlen.o)
                0x000012a8                strnlen
 .text.avr-libc
                0x000012be       0x78 c:/program files (x86)/atmel/studio/7.0/toolchain/avr8/avr8-gnu-toolchain/bin/../lib/gcc/avr/5.4.0/../../../../avr/lib/avr6\libc.a(fputc.o)
                0x000012be                fputc
 .text.avr-libc
                0x00001336       0xbc c:/program files (x86)/atmel/studio/7.0/toolchain/avr8/avr8-gnu-toolchain/bin/../lib/gcc/avr/5.4.0/../../../../avr/lib/avr6\libc.a(ultoa_invert.o)
                0x00001336                __ultoa_invert
                0x000013f2                . = ALIGN (0x2)
 *(.fini9)
 .fini9         0x000013f2        0x0 c:/program files (x86)/atmel/studio/7.0/toolchain/avr8/avr8-gnu-toolchain/bin/../lib/gcc/avr/5.4.0/avr6\libgcc.a(_exit.o)
                0x000013f2                _exit
                0x000013f2                exit
 *(.fini9)
 *(.fini8)
 *(.fini8)
 *(.fini7)
 *(.fini7)
 *(.fini6)
 *(.fini6)
 *(.fini5)
 *(.fini5)
 *(.fini4)
 *(.fini4)
 *(.fini3)
 *(.fini3)
 *(.fini2)
 *(.fini2)
 *(.fini1)
 *(.fini1)
 *(.fini0)
 .fini0         0x000013f2        0x4 c:/program files (x86)/atmel/studio/7.0/toolchain/avr8/avr8-gnu-toolchain/bin/../lib/gcc/avr/5.4.0/avr6\libgcc.a(_exit.o)
 *(.fini0)
                0x000013f6                _etext = .

.data           0x00800200       0x26 load address 0x000013f6
                0x00800200                PROVIDE (__data_start, .)
 *(.data)
 *(.data*)
 *(.gnu.linkonce.d*)
 *(.rodata)
 *(.rodata*)
 .rodata.str1.1
                0x00800200       0x25 template.o
                                 0x28 (size before relaxing)
 .rodata.str1.1
                0x00800225        0x3 src/CUMmunication.o
 *(.gnu.linkonce.r*)
                0x00800228                . = ALIGN (0x2)
 *fill*         0x00800225        0x1 
                0x00800226                _edata = .
                0x00800226                PROVIDE (__data_end, .)

.bss            0x00800226       0xa0
                0x00800226                PROVIDE (__bss_start, .)
 *(.bss)
 *(.bss*)
 .bss.phyBand   0x00800226        0x1 stack/phy/atmegarfr2/src/phy.o
 .bss.phyChannel
                0x00800227        0x1 stack/phy/atmegarfr2/src/phy.o
 .bss.phyRxState
                0x00800228        0x1 stack/phy/atmegarfr2/src/phy.o
 .bss.phyRxBuffer
                0x00800229       0x80 stack/phy/atmegarfr2/src/phy.o
 .bss.phyState  0x008002a9        0x1 stack/phy/atmegarfr2/src/phy.o
 .bss.at30ts_status
                0x008002aa        0x1 src/at30ts.o
 .bss.at30ts_attached_device
                0x008002ab        0x4 src/at30ts.o
 .bss.twi_mode  0x008002af        0x1 src/ASF/mega/drivers/twi/twi_megarf.o
 .bss.twi_master_busy
                0x008002b0        0x1 src/ASF/mega/drivers/twi/twi_megarf.o
 .bss.slave_transfer
                0x008002b1        0x7 src/ASF/mega/drivers/twi/twi_megarf.o
 .bss.master_transfer
                0x008002b8        0x8 src/ASF/mega/drivers/twi/twi_megarf.o
 *(COMMON)
 COMMON         0x008002c0        0x6 template.o
                0x008002c0                ind
                0x008002c5                receivedWireless
                0x008002c6                PROVIDE (__bss_end, .)
                0x000013f6                __data_load_start = LOADADDR (.data)
                0x0000141c                __data_load_end = (__data_load_start + SIZEOF (.data))

.noinit         0x008002c6        0x0
                [!provide]                PROVIDE (__noinit_start, .)
 *(.noinit*)
                [!provide]                PROVIDE (__noinit_end, .)
                0x008002c6                _end = .
                [!provide]                PROVIDE (__heap_start, .)

.eeprom         0x00810000        0x0
 *(.eeprom*)
                0x00810000                __eeprom_end = .

.fuse
 *(.fuse)
 *(.lfuse)
 *(.hfuse)
 *(.efuse)

.lock
 *(.lock*)

.signature
 *(.signature*)

.user_signatures
 *(.user_signatures*)

.stab
 *(.stab)

.stabstr
 *(.stabstr)

.stab.excl
 *(.stab.excl)

.stab.exclstr
 *(.stab.exclstr)

.stab.index
 *(.stab.index)

.stab.indexstr
 *(.stab.indexstr)

.comment        0x00000000       0x5c
 *(.comment)
 .comment       0x00000000       0x30 stack/phy/atmegarfr2/src/phy.o
                                 0x31 (size before relaxing)
 .comment       0x00000030       0x31 template.o
 .comment       0x00000030       0x31 src/at30ts.o
 .comment       0x00000030       0x31 src/CUMmunication.o
 .comment       0x00000030       0x31 src/temperature.o
 .comment       0x00000030       0x31 src/ASF/common/services/clock/mega/sysclk.o
 .comment       0x00000030       0x31 src/ASF/mega/boards/atmega256rfr2_xplained_pro/init.o
 .comment       0x00000030       0x31 src/ASF/mega/drivers/twi/twi_megarf.o
 .comment       0x00000030       0x31 c:/program files (x86)/atmel/studio/7.0/toolchain/avr8/avr8-gnu-toolchain/bin/../lib/gcc/avr/5.4.0/../../../../avr/lib/avr6\libc.a(vsprintf.o)
 .comment       0x00000030       0x2c c:/program files (x86)/atmel/studio/7.0/toolchain/avr8/avr8-gnu-toolchain/bin/../lib/gcc/avr/5.4.0/../../../../avr/lib/avr6\libc.a(vfprintf_std.o)
                                 0x2d (size before relaxing)
 .comment       0x0000005c       0x31 c:/program files (x86)/atmel/studio/7.0/toolchain/avr8/avr8-gnu-toolchain/bin/../lib/gcc/avr/5.4.0/../../../../avr/lib/avr6\libc.a(fputc.o)

.note.gnu.avr.deviceinfo
                0x00000000       0x40
 .note.gnu.avr.deviceinfo
                0x00000000       0x40 C:/Program Files (x86)/Atmel/Studio/7.0/Packs/atmel/ATmega_DFP/1.3.300/gcc/dev/atmega256rfr2/avr6/crtatmega256rfr2.o

.note.gnu.build-id
 *(.note.gnu.build-id)

.debug
 *(.debug)

.line
 *(.line)

.debug_srcinfo
 *(.debug_srcinfo)

.debug_sfnames
 *(.debug_sfnames)

.debug_aranges  0x00000000      0x2b8
 *(.debug_aranges)
 .debug_aranges
                0x00000000       0x60 stack/phy/atmegarfr2/src/phy.o
 .debug_aranges
                0x00000060       0x30 template.o
 .debug_aranges
                0x00000090       0xd8 src/at30ts.o
 .debug_aranges
                0x00000168       0x50 src/CUMmunication.o
 .debug_aranges
                0x000001b8       0x40 src/temperature.o
 .debug_aranges
                0x000001f8       0x30 src/ASF/common/services/clock/mega/sysclk.o
 .debug_aranges
                0x00000228       0x20 src/ASF/mega/boards/atmega256rfr2_xplained_pro/init.o
 .debug_aranges
                0x00000248       0x70 src/ASF/mega/drivers/twi/twi_megarf.o

.debug_pubnames
 *(.debug_pubnames)

.debug_info     0x00000000     0x4c64
 *(.debug_info .gnu.linkonce.wi.*)
 .debug_info    0x00000000     0x13e6 C:/Program Files (x86)/Atmel/Studio/7.0/Packs/atmel/ATmega_DFP/1.3.300/gcc/dev/atmega256rfr2/avr6/crtatmega256rfr2.o
 .debug_info    0x000013e6      0x6ab stack/phy/atmegarfr2/src/phy.o
 .debug_info    0x00001a91      0x419 template.o
 .debug_info    0x00001eaa     0x1185 src/at30ts.o
 .debug_info    0x0000302f      0x362 src/CUMmunication.o
 .debug_info    0x00003391      0x8f3 src/temperature.o
 .debug_info    0x00003c84      0x2b5 src/ASF/common/services/clock/mega/sysclk.o
 .debug_info    0x00003f39      0x282 src/ASF/mega/boards/atmega256rfr2_xplained_pro/init.o
 .debug_info    0x000041bb      0xaa9 src/ASF/mega/drivers/twi/twi_megarf.o

.debug_abbrev   0x00000000     0x24eb
 *(.debug_abbrev)
 .debug_abbrev  0x00000000     0x12d6 C:/Program Files (x86)/Atmel/Studio/7.0/Packs/atmel/ATmega_DFP/1.3.300/gcc/dev/atmega256rfr2/avr6/crtatmega256rfr2.o
 .debug_abbrev  0x000012d6      0x26c stack/phy/atmegarfr2/src/phy.o
 .debug_abbrev  0x00001542      0x1bb template.o
 .debug_abbrev  0x000016fd      0x344 src/at30ts.o
 .debug_abbrev  0x00001a41      0x1e8 src/CUMmunication.o
 .debug_abbrev  0x00001c29      0x306 src/temperature.o
 .debug_abbrev  0x00001f2f      0x1a6 src/ASF/common/services/clock/mega/sysclk.o
 .debug_abbrev  0x000020d5      0x149 src/ASF/mega/boards/atmega256rfr2_xplained_pro/init.o
 .debug_abbrev  0x0000221e      0x2cd src/ASF/mega/drivers/twi/twi_megarf.o

.debug_line     0x00000000     0x3ebb
 *(.debug_line .debug_line.* .debug_line_end)
 .debug_line    0x00000000      0x271 C:/Program Files (x86)/Atmel/Studio/7.0/Packs/atmel/ATmega_DFP/1.3.300/gcc/dev/atmega256rfr2/avr6/crtatmega256rfr2.o
 .debug_line    0x00000271      0x512 stack/phy/atmegarfr2/src/phy.o
 .debug_line    0x00000783      0x8b7 template.o
 .debug_line    0x0000103a      0xc48 src/at30ts.o
 .debug_line    0x00001c82      0x82e src/CUMmunication.o
 .debug_line    0x000024b0      0x7c6 src/temperature.o
 .debug_line    0x00002c76      0x597 src/ASF/common/services/clock/mega/sysclk.o
 .debug_line    0x0000320d      0x479 src/ASF/mega/boards/atmega256rfr2_xplained_pro/init.o
 .debug_line    0x00003686      0x835 src/ASF/mega/drivers/twi/twi_megarf.o

.debug_frame    0x00000000      0x780
 *(.debug_frame)
 .debug_frame   0x00000000       0xb4 stack/phy/atmegarfr2/src/phy.o
 .debug_frame   0x000000b4       0x58 template.o
 .debug_frame   0x0000010c      0x310 src/at30ts.o
 .debug_frame   0x0000041c       0xf8 src/CUMmunication.o
 .debug_frame   0x00000514       0xc8 src/temperature.o
 .debug_frame   0x000005dc       0x74 src/ASF/common/services/clock/mega/sysclk.o
 .debug_frame   0x00000650       0x24 src/ASF/mega/boards/atmega256rfr2_xplained_pro/init.o
 .debug_frame   0x00000674      0x10c src/ASF/mega/drivers/twi/twi_megarf.o

.debug_str      0x00000000    0x1b874
 *(.debug_str)
 .debug_str     0x00000000      0x7f7 C:/Program Files (x86)/Atmel/Studio/7.0/Packs/atmel/ATmega_DFP/1.3.300/gcc/dev/atmega256rfr2/avr6/crtatmega256rfr2.o
 .debug_str     0x000007f7     0xf939 stack/phy/atmegarfr2/src/phy.o
                               0xfa9c (size before relaxing)
 .debug_str     0x00010130     0xa228 template.o
                              0x18a92 (size before relaxing)
 .debug_str     0x0001a358      0x693 src/at30ts.o
                              0x17921 (size before relaxing)
 .debug_str     0x0001a9eb       0x76 src/CUMmunication.o
                              0x18276 (size before relaxing)
 .debug_str     0x0001aa61      0x628 src/temperature.o
                              0x189b8 (size before relaxing)
 .debug_str     0x0001b089       0xa0 src/ASF/common/services/clock/mega/sysclk.o
                              0x16ad3 (size before relaxing)
 .debug_str     0x0001b129      0x165 src/ASF/mega/boards/atmega256rfr2_xplained_pro/init.o
                              0x167f9 (size before relaxing)
 .debug_str     0x0001b28e      0x5e6 src/ASF/mega/drivers/twi/twi_megarf.o
                              0x16252 (size before relaxing)

.debug_loc      0x00000000     0x1d73
 *(.debug_loc)
 .debug_loc     0x00000000      0x1a2 stack/phy/atmegarfr2/src/phy.o
 .debug_loc     0x000001a2       0xb2 template.o
 .debug_loc     0x00000254      0xf85 src/at30ts.o
 .debug_loc     0x000011d9      0x3a3 src/CUMmunication.o
 .debug_loc     0x0000157c      0x22e src/temperature.o
 .debug_loc     0x000017aa      0x1f2 src/ASF/common/services/clock/mega/sysclk.o
 .debug_loc     0x0000199c       0x51 src/ASF/mega/boards/atmega256rfr2_xplained_pro/init.o
 .debug_loc     0x000019ed      0x386 src/ASF/mega/drivers/twi/twi_megarf.o

.debug_macinfo
 *(.debug_macinfo)

.debug_weaknames
 *(.debug_weaknames)

.debug_funcnames
 *(.debug_funcnames)

.debug_typenames
 *(.debug_typenames)

.debug_varnames
 *(.debug_varnames)

.debug_pubtypes
 *(.debug_pubtypes)

.debug_ranges   0x00000000      0x238
 *(.debug_ranges)
 .debug_ranges  0x00000000       0x50 stack/phy/atmegarfr2/src/phy.o
 .debug_ranges  0x00000050       0x20 template.o
 .debug_ranges  0x00000070       0xc8 src/at30ts.o
 .debug_ranges  0x00000138       0x40 src/CUMmunication.o
 .debug_ranges  0x00000178       0x30 src/temperature.o
 .debug_ranges  0x000001a8       0x20 src/ASF/common/services/clock/mega/sysclk.o
 .debug_ranges  0x000001c8       0x10 src/ASF/mega/boards/atmega256rfr2_xplained_pro/init.o
 .debug_ranges  0x000001d8       0x60 src/ASF/mega/drivers/twi/twi_megarf.o

.debug_macro    0x00000000     0x83c6
 *(.debug_macro)
 .debug_macro   0x00000000      0x106 stack/phy/atmegarfr2/src/phy.o
 .debug_macro   0x00000106      0xa8a stack/phy/atmegarfr2/src/phy.o
 .debug_macro   0x00000b90      0x1c9 stack/phy/atmegarfr2/src/phy.o
 .debug_macro   0x00000d59       0x10 stack/phy/atmegarfr2/src/phy.o
 .debug_macro   0x00000d69      0x302 stack/phy/atmegarfr2/src/phy.o
 .debug_macro   0x0000106b       0x9e stack/phy/atmegarfr2/src/phy.o
 .debug_macro   0x00001109     0x37d1 stack/phy/atmegarfr2/src/phy.o
 .debug_macro   0x000048da      0x219 stack/phy/atmegarfr2/src/phy.o
 .debug_macro   0x00004af3       0xd9 stack/phy/atmegarfr2/src/phy.o
 .debug_macro   0x00004bcc       0x34 stack/phy/atmegarfr2/src/phy.o
 .debug_macro   0x00004c00       0x18 stack/phy/atmegarfr2/src/phy.o
 .debug_macro   0x00004c18       0x6c stack/phy/atmegarfr2/src/phy.o
 .debug_macro   0x00004c84       0x68 stack/phy/atmegarfr2/src/phy.o
 .debug_macro   0x00004cec       0x69 stack/phy/atmegarfr2/src/phy.o
 .debug_macro   0x00004d55       0x10 stack/phy/atmegarfr2/src/phy.o
 .debug_macro   0x00004d65       0x89 stack/phy/atmegarfr2/src/phy.o
 .debug_macro   0x00004dee      0x181 stack/phy/atmegarfr2/src/phy.o
 .debug_macro   0x00004f6f       0x34 stack/phy/atmegarfr2/src/phy.o
 .debug_macro   0x00004fa3       0x22 stack/phy/atmegarfr2/src/phy.o
 .debug_macro   0x00004fc5       0x40 stack/phy/atmegarfr2/src/phy.o
 .debug_macro   0x00005005      0x27e stack/phy/atmegarfr2/src/phy.o
 .debug_macro   0x00005283      0x318 template.o
 .debug_macro   0x0000559b       0x10 template.o
 .debug_macro   0x000055ab       0x10 template.o
 .debug_macro   0x000055bb       0x10 template.o
 .debug_macro   0x000055cb       0x1c template.o
 .debug_macro   0x000055e7       0x1c template.o
 .debug_macro   0x00005603       0x10 template.o
 .debug_macro   0x00005613       0xf6 template.o
 .debug_macro   0x00005709       0x1c template.o
 .debug_macro   0x00005725       0x35 template.o
 .debug_macro   0x0000575a       0x5a template.o
 .debug_macro   0x000057b4      0x6c2 template.o
 .debug_macro   0x00005e76       0x44 template.o
 .debug_macro   0x00005eba       0x32 template.o
 .debug_macro   0x00005eec       0x46 template.o
 .debug_macro   0x00005f32      0x100 template.o
 .debug_macro   0x00006032       0x16 template.o
 .debug_macro   0x00006048       0x16 template.o
 .debug_macro   0x0000605e       0xac template.o
 .debug_macro   0x0000610a       0x3a template.o
 .debug_macro   0x00006144      0x2c6 template.o
 .debug_macro   0x0000640a       0x6e template.o
 .debug_macro   0x00006478       0x40 template.o
 .debug_macro   0x000064b8       0x16 template.o
 .debug_macro   0x000064ce       0x34 template.o
 .debug_macro   0x00006502       0xce template.o
 .debug_macro   0x000065d0       0x1c template.o
 .debug_macro   0x000065ec       0xf0 template.o
 .debug_macro   0x000066dc      0x34e template.o
 .debug_macro   0x00006a2a       0x28 template.o
 .debug_macro   0x00006a52       0x1d template.o
 .debug_macro   0x00006a6f       0x58 template.o
 .debug_macro   0x00006ac7       0x10 template.o
 .debug_macro   0x00006ad7       0xf2 template.o
 .debug_macro   0x00006bc9      0x20e src/at30ts.o
 .debug_macro   0x00006dd7      0x2fc src/at30ts.o
 .debug_macro   0x000070d3      0x16d src/at30ts.o
 .debug_macro   0x00007240       0x66 src/at30ts.o
 .debug_macro   0x000072a6      0x175 src/at30ts.o
 .debug_macro   0x0000741b       0x40 src/at30ts.o
 .debug_macro   0x0000745b      0x29c src/CUMmunication.o
 .debug_macro   0x000076f7      0x1ad src/CUMmunication.o
 .debug_macro   0x000078a4      0x2c0 src/CUMmunication.o
 .debug_macro   0x00007b64      0x28d src/temperature.o
 .debug_macro   0x00007df1       0x10 src/temperature.o
 .debug_macro   0x00007e01      0x160 src/temperature.o
 .debug_macro   0x00007f61      0x192 src/ASF/common/services/clock/mega/sysclk.o
 .debug_macro   0x000080f3      0x180 src/ASF/mega/boards/atmega256rfr2_xplained_pro/init.o
 .debug_macro   0x00008273      0x153 src/ASF/mega/drivers/twi/twi_megarf.o
OUTPUT(Template.elf elf32-avr)
LOAD linker stubs
