Archive member included to satisfy reference by file (symbol)

c:/program files (x86)/atmel/studio/7.0/toolchain/avr8/avr8-gnu-toolchain/bin/../lib/gcc/avr/5.4.0/avr6\libgcc.a(_udivmodhi4.o)
                              src/at30ts.o (__udivmodhi4)
c:/program files (x86)/atmel/studio/7.0/toolchain/avr8/avr8-gnu-toolchain/bin/../lib/gcc/avr/5.4.0/avr6\libgcc.a(_exit.o)
                              C:/Program Files (x86)/Atmel/Studio/7.0/Packs/atmel/ATmega_DFP/1.3.300/gcc/dev/atmega256rfr2/avr6/crtatmega256rfr2.o (exit)
c:/program files (x86)/atmel/studio/7.0/toolchain/avr8/avr8-gnu-toolchain/bin/../lib/gcc/avr/5.4.0/avr6\libgcc.a(_tablejump2.o)
                              src/ASF/mega/drivers/twi/twi_megarf.o (__tablejump2__)
c:/program files (x86)/atmel/studio/7.0/toolchain/avr8/avr8-gnu-toolchain/bin/../lib/gcc/avr/5.4.0/avr6\libgcc.a(_copy_data.o)
                              template.o (__do_copy_data)
c:/program files (x86)/atmel/studio/7.0/toolchain/avr8/avr8-gnu-toolchain/bin/../lib/gcc/avr/5.4.0/avr6\libgcc.a(_clear_bss.o)
                              stack/phy/atmegarfr2/src/phy.o (__do_clear_bss)
c:/program files (x86)/atmel/studio/7.0/toolchain/avr8/avr8-gnu-toolchain/bin/../lib/gcc/avr/5.4.0/../../../../avr/lib/avr6\libc.a(memcpy.o)
                              src/at30ts.o (memcpy)
c:/program files (x86)/atmel/studio/7.0/toolchain/avr8/avr8-gnu-toolchain/bin/../lib/gcc/avr/5.4.0/../../../../avr/lib/avr6\libc.a(vsprintf.o)
                              template.o (vsprintf)
c:/program files (x86)/atmel/studio/7.0/toolchain/avr8/avr8-gnu-toolchain/bin/../lib/gcc/avr/5.4.0/../../../../avr/lib/avr6\libc.a(vfprintf_std.o)
                              c:/program files (x86)/atmel/studio/7.0/toolchain/avr8/avr8-gnu-toolchain/bin/../lib/gcc/avr/5.4.0/../../../../avr/lib/avr6\libc.a(vsprintf.o) (vfprintf)
c:/program files (x86)/atmel/studio/7.0/toolchain/avr8/avr8-gnu-toolchain/bin/../lib/gcc/avr/5.4.0/../../../../avr/lib/avr6\libc.a(strnlen_P.o)
                              c:/program files (x86)/atmel/studio/7.0/toolchain/avr8/avr8-gnu-toolchain/bin/../lib/gcc/avr/5.4.0/../../../../avr/lib/avr6\libc.a(vfprintf_std.o) (strnlen_P)
c:/program files (x86)/atmel/studio/7.0/toolchain/avr8/avr8-gnu-toolchain/bin/../lib/gcc/avr/5.4.0/../../../../avr/lib/avr6\libc.a(strnlen.o)
                              c:/program files (x86)/atmel/studio/7.0/toolchain/avr8/avr8-gnu-toolchain/bin/../lib/gcc/avr/5.4.0/../../../../avr/lib/avr6\libc.a(vfprintf_std.o) (strnlen)
c:/program files (x86)/atmel/studio/7.0/toolchain/avr8/avr8-gnu-toolchain/bin/../lib/gcc/avr/5.4.0/../../../../avr/lib/avr6\libc.a(fputc.o)
                              c:/program files (x86)/atmel/studio/7.0/toolchain/avr8/avr8-gnu-toolchain/bin/../lib/gcc/avr/5.4.0/../../../../avr/lib/avr6\libc.a(vfprintf_std.o) (fputc)
c:/program files (x86)/atmel/studio/7.0/toolchain/avr8/avr8-gnu-toolchain/bin/../lib/gcc/avr/5.4.0/../../../../avr/lib/avr6\libc.a(ultoa_invert.o)
                              c:/program files (x86)/atmel/studio/7.0/toolchain/avr8/avr8-gnu-toolchain/bin/../lib/gcc/avr/5.4.0/../../../../avr/lib/avr6\libc.a(vfprintf_std.o) (__ultoa_invert)

Allocating common symbols
Common symbol       size              file

ind                 0x5               template.o
opt                 0x6               src/temperature.o
receivedWireless    0x1               template.o
buff_nom            0x14              template.o
package             0xa               src/temperature.o

Discarded input sections

 .data          0x00000000        0x0 C:/Program Files (x86)/Atmel/Studio/7.0/Packs/atmel/ATmega_DFP/1.3.300/gcc/dev/atmega256rfr2/avr6/crtatmega256rfr2.o
 .bss           0x00000000        0x0 C:/Program Files (x86)/Atmel/Studio/7.0/Packs/atmel/ATmega_DFP/1.3.300/gcc/dev/atmega256rfr2/avr6/crtatmega256rfr2.o
 .group         0x00000000        0x8 stack/phy/atmegarfr2/src/phy.o
 .group         0x00000000        0x8 stack/phy/atmegarfr2/src/phy.o
 .group         0x00000000        0x8 stack/phy/atmegarfr2/src/phy.o
 .group         0x00000000        0x8 stack/phy/atmegarfr2/src/phy.o
 .group         0x00000000        0x8 stack/phy/atmegarfr2/src/phy.o
 .group         0x00000000        0x8 stack/phy/atmegarfr2/src/phy.o
 .group         0x00000000        0x8 stack/phy/atmegarfr2/src/phy.o
 .group         0x00000000        0x8 stack/phy/atmegarfr2/src/phy.o
 .group         0x00000000        0x8 stack/phy/atmegarfr2/src/phy.o
 .group         0x00000000        0x8 stack/phy/atmegarfr2/src/phy.o
 .group         0x00000000        0x8 stack/phy/atmegarfr2/src/phy.o
 .group         0x00000000        0x8 stack/phy/atmegarfr2/src/phy.o
 .group         0x00000000        0x8 stack/phy/atmegarfr2/src/phy.o
 .group         0x00000000        0x8 stack/phy/atmegarfr2/src/phy.o
 .group         0x00000000        0x8 stack/phy/atmegarfr2/src/phy.o
 .group         0x00000000        0x8 stack/phy/atmegarfr2/src/phy.o
 .group         0x00000000        0x8 stack/phy/atmegarfr2/src/phy.o
 .group         0x00000000        0x8 stack/phy/atmegarfr2/src/phy.o
 .group         0x00000000        0x8 stack/phy/atmegarfr2/src/phy.o
 .group         0x00000000        0x8 stack/phy/atmegarfr2/src/phy.o
 .text          0x00000000        0x0 stack/phy/atmegarfr2/src/phy.o
 .data          0x00000000        0x0 stack/phy/atmegarfr2/src/phy.o
 .bss           0x00000000        0x0 stack/phy/atmegarfr2/src/phy.o
 .text.PHY_SetChannel
                0x00000000        0xa stack/phy/atmegarfr2/src/phy.o
 .text.PHY_SetBand
                0x00000000        0xa stack/phy/atmegarfr2/src/phy.o
 .text.PHY_SetTxPower
                0x00000000       0x10 stack/phy/atmegarfr2/src/phy.o
 .group         0x00000000        0x8 template.o
 .group         0x00000000        0x8 template.o
 .group         0x00000000        0x8 template.o
 .group         0x00000000        0x8 template.o
 .group         0x00000000        0x8 template.o
 .group         0x00000000        0x8 template.o
 .group         0x00000000        0x8 template.o
 .group         0x00000000        0x8 template.o
 .group         0x00000000        0x8 template.o
 .group         0x00000000        0x8 template.o
 .group         0x00000000        0x8 template.o
 .group         0x00000000        0x8 template.o
 .group         0x00000000        0x8 template.o
 .group         0x00000000        0x8 template.o
 .group         0x00000000        0x8 template.o
 .group         0x00000000        0x8 template.o
 .group         0x00000000        0x8 template.o
 .group         0x00000000        0x8 template.o
 .group         0x00000000        0x8 template.o
 .group         0x00000000        0x8 template.o
 .group         0x00000000        0x8 template.o
 .group         0x00000000        0x8 template.o
 .group         0x00000000        0x8 template.o
 .group         0x00000000        0x8 template.o
 .group         0x00000000        0x8 template.o
 .group         0x00000000        0x8 template.o
 .group         0x00000000        0x8 template.o
 .group         0x00000000        0x8 template.o
 .group         0x00000000        0x8 template.o
 .group         0x00000000        0x8 template.o
 .group         0x00000000        0x8 template.o
 .group         0x00000000        0x8 template.o
 .group         0x00000000        0x8 template.o
 .group         0x00000000        0x8 template.o
 .group         0x00000000        0x8 template.o
 .group         0x00000000        0x8 template.o
 .group         0x00000000        0x8 template.o
 .group         0x00000000        0x8 template.o
 .group         0x00000000        0x8 template.o
 .group         0x00000000        0x8 template.o
 .group         0x00000000        0x8 template.o
 .group         0x00000000        0x8 template.o
 .group         0x00000000        0x8 template.o
 .group         0x00000000        0x8 template.o
 .group         0x00000000        0x8 template.o
 .group         0x00000000        0x8 template.o
 .group         0x00000000        0x8 template.o
 .group         0x00000000        0x8 template.o
 .group         0x00000000        0x8 template.o
 .group         0x00000000        0x8 template.o
 .group         0x00000000        0x8 template.o
 .group         0x00000000        0x8 template.o
 .text          0x00000000        0x0 template.o
 .data          0x00000000        0x0 template.o
 .bss           0x00000000        0x0 template.o
 .debug_macro   0x00000000      0xa8a template.o
 .debug_macro   0x00000000       0x40 template.o
 .debug_macro   0x00000000      0x1c9 template.o
 .debug_macro   0x00000000       0x22 template.o
 .debug_macro   0x00000000       0x10 template.o
 .debug_macro   0x00000000      0x302 template.o
 .debug_macro   0x00000000       0x9e template.o
 .debug_macro   0x00000000     0x37d1 template.o
 .debug_macro   0x00000000      0x219 template.o
 .debug_macro   0x00000000       0xd9 template.o
 .debug_macro   0x00000000       0x34 template.o
 .debug_macro   0x00000000       0x18 template.o
 .debug_macro   0x00000000       0x6c template.o
 .debug_macro   0x00000000       0x68 template.o
 .debug_macro   0x00000000       0x69 template.o
 .debug_macro   0x00000000       0x10 template.o
 .debug_macro   0x00000000       0x89 template.o
 .debug_macro   0x00000000      0x181 template.o
 .debug_macro   0x00000000       0x34 template.o
 .group         0x00000000        0x8 src/at30ts.o
 .group         0x00000000        0x8 src/at30ts.o
 .group         0x00000000        0x8 src/at30ts.o
 .group         0x00000000        0x8 src/at30ts.o
 .group         0x00000000        0x8 src/at30ts.o
 .group         0x00000000        0x8 src/at30ts.o
 .group         0x00000000        0x8 src/at30ts.o
 .group         0x00000000        0x8 src/at30ts.o
 .group         0x00000000        0x8 src/at30ts.o
 .group         0x00000000        0x8 src/at30ts.o
 .group         0x00000000        0x8 src/at30ts.o
 .group         0x00000000        0x8 src/at30ts.o
 .group         0x00000000        0x8 src/at30ts.o
 .group         0x00000000        0x8 src/at30ts.o
 .group         0x00000000        0x8 src/at30ts.o
 .group         0x00000000        0x8 src/at30ts.o
 .group         0x00000000        0x8 src/at30ts.o
 .group         0x00000000        0x8 src/at30ts.o
 .group         0x00000000        0x8 src/at30ts.o
 .group         0x00000000        0x8 src/at30ts.o
 .group         0x00000000        0x8 src/at30ts.o
 .group         0x00000000        0x8 src/at30ts.o
 .group         0x00000000        0x8 src/at30ts.o
 .group         0x00000000        0x8 src/at30ts.o
 .group         0x00000000        0x8 src/at30ts.o
 .group         0x00000000        0x8 src/at30ts.o
 .group         0x00000000        0x8 src/at30ts.o
 .group         0x00000000        0x8 src/at30ts.o
 .group         0x00000000        0x8 src/at30ts.o
 .group         0x00000000        0x8 src/at30ts.o
 .group         0x00000000        0x8 src/at30ts.o
 .group         0x00000000        0x8 src/at30ts.o
 .group         0x00000000        0x8 src/at30ts.o
 .group         0x00000000        0x8 src/at30ts.o
 .group         0x00000000        0x8 src/at30ts.o
 .group         0x00000000        0x8 src/at30ts.o
 .text          0x00000000        0x0 src/at30ts.o
 .data          0x00000000        0x0 src/at30ts.o
 .bss           0x00000000        0x0 src/at30ts.o
 .text.ts_construct_eeprom_address
                0x00000000       0x54 src/at30ts.o
 .text.parse_temp_reading
                0x00000000       0x32 src/at30ts.o
 .text.twi_write
                0x00000000        0xc src/at30ts.o
 .text.ts75_probe_nonvol_register
                0x00000000       0x4c src/at30ts.o
 .text.twi_read
                0x00000000        0xc src/at30ts.o
 .text.ts_read_register
                0x00000000       0x78 src/at30ts.o
 .text.check_NVRBSY
                0x00000000       0x62 src/at30ts.o
 .text.ts_write_register
                0x00000000       0xee src/at30ts.o
 .text.write_temperature_low
                0x00000000       0x3c src/at30ts.o
 .text.write_temperature_high
                0x00000000       0x3c src/at30ts.o
 .text.write_config
                0x00000000       0x14 src/at30ts.o
 .text.ts75_copy_vol_nonvol_register
                0x00000000       0x6e src/at30ts.o
 .text.ts75_copy_nonvol_vol_register
                0x00000000       0x5c src/at30ts.o
 .text.read_temperature_low
                0x00000000       0x2e src/at30ts.o
 .text.read_temperature_high
                0x00000000       0x2e src/at30ts.o
 .text.read_config
                0x00000000       0x32 src/at30ts.o
 .text.set_config_option
                0x00000000       0xac src/at30ts.o
 .text.read_temperature
                0x00000000       0x68 src/at30ts.o
 .text.ts_read_eeprom
                0x00000000       0xa4 src/at30ts.o
 .text.twi_probe_device
                0x00000000       0x4e src/at30ts.o
 .text.ts_ack_polling
                0x00000000       0x28 src/at30ts.o
 .text.ts_write_eeprom
                0x00000000       0xb6 src/at30ts.o
 .text.ts_write_memory
                0x00000000       0x7e src/at30ts.o
 .bss.at30ts_iobuf
                0x00000000        0x3 src/at30ts.o
 .bss.at30ts_status
                0x00000000        0x1 src/at30ts.o
 .rodata.nv_config
                0x00000000        0x1 src/at30ts.o
 .rodata.copy_nonvol_vol_register
                0x00000000        0x1 src/at30ts.o
 .rodata.copy_vol_nonvol_register
                0x00000000        0x1 src/at30ts.o
 .debug_macro   0x00000000      0xa8a src/at30ts.o
 .debug_macro   0x00000000       0x10 src/at30ts.o
 .debug_macro   0x00000000      0x1c9 src/at30ts.o
 .debug_macro   0x00000000       0x9e src/at30ts.o
 .debug_macro   0x00000000     0x37d1 src/at30ts.o
 .debug_macro   0x00000000      0x219 src/at30ts.o
 .debug_macro   0x00000000       0xd9 src/at30ts.o
 .debug_macro   0x00000000       0x34 src/at30ts.o
 .debug_macro   0x00000000       0x18 src/at30ts.o
 .debug_macro   0x00000000       0x6c src/at30ts.o
 .debug_macro   0x00000000       0x22 src/at30ts.o
 .debug_macro   0x00000000       0x1c src/at30ts.o
 .debug_macro   0x00000000       0x35 src/at30ts.o
 .debug_macro   0x00000000      0x6c2 src/at30ts.o
 .debug_macro   0x00000000       0x44 src/at30ts.o
 .debug_macro   0x00000000       0x69 src/at30ts.o
 .debug_macro   0x00000000       0x32 src/at30ts.o
 .debug_macro   0x00000000       0x10 src/at30ts.o
 .debug_macro   0x00000000      0x100 src/at30ts.o
 .debug_macro   0x00000000       0x16 src/at30ts.o
 .debug_macro   0x00000000       0x16 src/at30ts.o
 .debug_macro   0x00000000       0xac src/at30ts.o
 .debug_macro   0x00000000       0x3a src/at30ts.o
 .debug_macro   0x00000000      0x2c6 src/at30ts.o
 .debug_macro   0x00000000       0x6e src/at30ts.o
 .debug_macro   0x00000000       0x40 src/at30ts.o
 .debug_macro   0x00000000       0x16 src/at30ts.o
 .debug_macro   0x00000000       0x34 src/at30ts.o
 .debug_macro   0x00000000       0xce src/at30ts.o
 .debug_macro   0x00000000       0x1c src/at30ts.o
 .debug_macro   0x00000000       0xf0 src/at30ts.o
 .group         0x00000000        0x8 src/temperature.o
 .group         0x00000000        0x8 src/temperature.o
 .group         0x00000000        0x8 src/temperature.o
 .group         0x00000000        0x8 src/temperature.o
 .group         0x00000000        0x8 src/temperature.o
 .group         0x00000000        0x8 src/temperature.o
 .group         0x00000000        0x8 src/temperature.o
 .group         0x00000000        0x8 src/temperature.o
 .group         0x00000000        0x8 src/temperature.o
 .group         0x00000000        0x8 src/temperature.o
 .group         0x00000000        0x8 src/temperature.o
 .group         0x00000000        0x8 src/temperature.o
 .group         0x00000000        0x8 src/temperature.o
 .group         0x00000000        0x8 src/temperature.o
 .group         0x00000000        0x8 src/temperature.o
 .group         0x00000000        0x8 src/temperature.o
 .group         0x00000000        0x8 src/temperature.o
 .group         0x00000000        0x8 src/temperature.o
 .group         0x00000000        0x8 src/temperature.o
 .group         0x00000000        0x8 src/temperature.o
 .group         0x00000000        0x8 src/temperature.o
 .group         0x00000000        0x8 src/temperature.o
 .group         0x00000000        0x8 src/temperature.o
 .group         0x00000000        0x8 src/temperature.o
 .group         0x00000000        0x8 src/temperature.o
 .group         0x00000000        0x8 src/temperature.o
 .group         0x00000000        0x8 src/temperature.o
 .group         0x00000000        0x8 src/temperature.o
 .group         0x00000000        0x8 src/temperature.o
 .group         0x00000000        0x8 src/temperature.o
 .group         0x00000000        0x8 src/temperature.o
 .group         0x00000000        0x8 src/temperature.o
 .group         0x00000000        0x8 src/temperature.o
 .group         0x00000000        0x8 src/temperature.o
 .group         0x00000000        0x8 src/temperature.o
 .group         0x00000000        0x8 src/temperature.o
 .group         0x00000000        0x8 src/temperature.o
 .group         0x00000000        0x8 src/temperature.o
 .group         0x00000000        0x8 src/temperature.o
 .group         0x00000000        0x8 src/temperature.o
 .group         0x00000000        0x8 src/temperature.o
 .text          0x00000000        0x0 src/temperature.o
 .data          0x00000000        0x0 src/temperature.o
 .bss           0x00000000        0x0 src/temperature.o
 .text.getTemperatureRaw
                0x00000000       0x32 src/temperature.o
 .text.getTemperatureCelsius
                0x00000000       0x52 src/temperature.o
 .rodata.AT30TSE758_TempRead
                0x00000000        0x1 src/temperature.o
 .rodata.AT30TSE758_TempWrite
                0x00000000        0x1 src/temperature.o
 .debug_macro   0x00000000      0xa8a src/temperature.o
 .debug_macro   0x00000000       0x10 src/temperature.o
 .debug_macro   0x00000000      0x1c9 src/temperature.o
 .debug_macro   0x00000000      0x2fc src/temperature.o
 .debug_macro   0x00000000       0x9e src/temperature.o
 .debug_macro   0x00000000     0x37d1 src/temperature.o
 .debug_macro   0x00000000      0x219 src/temperature.o
 .debug_macro   0x00000000       0xd9 src/temperature.o
 .debug_macro   0x00000000       0x34 src/temperature.o
 .debug_macro   0x00000000       0x18 src/temperature.o
 .debug_macro   0x00000000       0x6c src/temperature.o
 .debug_macro   0x00000000       0x22 src/temperature.o
 .debug_macro   0x00000000      0x16d src/temperature.o
 .debug_macro   0x00000000       0x1c src/temperature.o
 .debug_macro   0x00000000       0x35 src/temperature.o
 .debug_macro   0x00000000       0x66 src/temperature.o
 .debug_macro   0x00000000      0x6c2 src/temperature.o
 .debug_macro   0x00000000       0x44 src/temperature.o
 .debug_macro   0x00000000       0x69 src/temperature.o
 .debug_macro   0x00000000       0x32 src/temperature.o
 .debug_macro   0x00000000       0x10 src/temperature.o
 .debug_macro   0x00000000      0x175 src/temperature.o
 .debug_macro   0x00000000       0x40 src/temperature.o
 .debug_macro   0x00000000      0x100 src/temperature.o
 .debug_macro   0x00000000       0x16 src/temperature.o
 .debug_macro   0x00000000       0x16 src/temperature.o
 .debug_macro   0x00000000       0xac src/temperature.o
 .debug_macro   0x00000000       0x3a src/temperature.o
 .debug_macro   0x00000000      0x2c6 src/temperature.o
 .debug_macro   0x00000000       0x6e src/temperature.o
 .debug_macro   0x00000000       0x40 src/temperature.o
 .debug_macro   0x00000000       0x16 src/temperature.o
 .debug_macro   0x00000000       0x34 src/temperature.o
 .debug_macro   0x00000000       0xce src/temperature.o
 .debug_macro   0x00000000       0x1c src/temperature.o
 .debug_macro   0x00000000       0xf0 src/temperature.o
 .debug_macro   0x00000000       0x28 src/temperature.o
 .debug_macro   0x00000000       0x1d src/temperature.o
 .debug_macro   0x00000000      0x34e src/temperature.o
 COMMON         0x00000000       0x10 src/temperature.o
 .group         0x00000000        0x8 src/ASF/common/services/clock/mega/sysclk.o
 .group         0x00000000        0x8 src/ASF/common/services/clock/mega/sysclk.o
 .group         0x00000000        0x8 src/ASF/common/services/clock/mega/sysclk.o
 .group         0x00000000        0x8 src/ASF/common/services/clock/mega/sysclk.o
 .group         0x00000000        0x8 src/ASF/common/services/clock/mega/sysclk.o
 .group         0x00000000        0x8 src/ASF/common/services/clock/mega/sysclk.o
 .group         0x00000000        0x8 src/ASF/common/services/clock/mega/sysclk.o
 .group         0x00000000        0x8 src/ASF/common/services/clock/mega/sysclk.o
 .group         0x00000000        0x8 src/ASF/common/services/clock/mega/sysclk.o
 .group         0x00000000        0x8 src/ASF/common/services/clock/mega/sysclk.o
 .group         0x00000000        0x8 src/ASF/common/services/clock/mega/sysclk.o
 .group         0x00000000        0x8 src/ASF/common/services/clock/mega/sysclk.o
 .group         0x00000000        0x8 src/ASF/common/services/clock/mega/sysclk.o
 .group         0x00000000        0x8 src/ASF/common/services/clock/mega/sysclk.o
 .group         0x00000000        0x8 src/ASF/common/services/clock/mega/sysclk.o
 .group         0x00000000        0x8 src/ASF/common/services/clock/mega/sysclk.o
 .group         0x00000000        0x8 src/ASF/common/services/clock/mega/sysclk.o
 .group         0x00000000        0x8 src/ASF/common/services/clock/mega/sysclk.o
 .group         0x00000000        0x8 src/ASF/common/services/clock/mega/sysclk.o
 .group         0x00000000        0x8 src/ASF/common/services/clock/mega/sysclk.o
 .group         0x00000000        0x8 src/ASF/common/services/clock/mega/sysclk.o
 .group         0x00000000        0x8 src/ASF/common/services/clock/mega/sysclk.o
 .group         0x00000000        0x8 src/ASF/common/services/clock/mega/sysclk.o
 .group         0x00000000        0x8 src/ASF/common/services/clock/mega/sysclk.o
 .group         0x00000000        0x8 src/ASF/common/services/clock/mega/sysclk.o
 .group         0x00000000        0x8 src/ASF/common/services/clock/mega/sysclk.o
 .group         0x00000000        0x8 src/ASF/common/services/clock/mega/sysclk.o
 .group         0x00000000        0x8 src/ASF/common/services/clock/mega/sysclk.o
 .group         0x00000000        0x8 src/ASF/common/services/clock/mega/sysclk.o
 .group         0x00000000        0x8 src/ASF/common/services/clock/mega/sysclk.o
 .group         0x00000000        0x8 src/ASF/common/services/clock/mega/sysclk.o
 .text          0x00000000        0x0 src/ASF/common/services/clock/mega/sysclk.o
 .data          0x00000000        0x0 src/ASF/common/services/clock/mega/sysclk.o
 .bss           0x00000000        0x0 src/ASF/common/services/clock/mega/sysclk.o
 .text.sysclk_init
                0x00000000       0x3e src/ASF/common/services/clock/mega/sysclk.o
 .text.sysclk_disable_module
                0x00000000       0x2e src/ASF/common/services/clock/mega/sysclk.o
 .debug_macro   0x00000000      0xa8a src/ASF/common/services/clock/mega/sysclk.o
 .debug_macro   0x00000000       0x10 src/ASF/common/services/clock/mega/sysclk.o
 .debug_macro   0x00000000      0x1c9 src/ASF/common/services/clock/mega/sysclk.o
 .debug_macro   0x00000000      0x2fc src/ASF/common/services/clock/mega/sysclk.o
 .debug_macro   0x00000000       0x9e src/ASF/common/services/clock/mega/sysclk.o
 .debug_macro   0x00000000     0x37d1 src/ASF/common/services/clock/mega/sysclk.o
 .debug_macro   0x00000000      0x219 src/ASF/common/services/clock/mega/sysclk.o
 .debug_macro   0x00000000       0xd9 src/ASF/common/services/clock/mega/sysclk.o
 .debug_macro   0x00000000       0x34 src/ASF/common/services/clock/mega/sysclk.o
 .debug_macro   0x00000000       0x18 src/ASF/common/services/clock/mega/sysclk.o
 .debug_macro   0x00000000       0x6c src/ASF/common/services/clock/mega/sysclk.o
 .debug_macro   0x00000000       0x22 src/ASF/common/services/clock/mega/sysclk.o
 .debug_macro   0x00000000      0x16d src/ASF/common/services/clock/mega/sysclk.o
 .debug_macro   0x00000000       0x1c src/ASF/common/services/clock/mega/sysclk.o
 .debug_macro   0x00000000       0x35 src/ASF/common/services/clock/mega/sysclk.o
 .debug_macro   0x00000000       0x66 src/ASF/common/services/clock/mega/sysclk.o
 .debug_macro   0x00000000      0x6c2 src/ASF/common/services/clock/mega/sysclk.o
 .debug_macro   0x00000000       0x44 src/ASF/common/services/clock/mega/sysclk.o
 .debug_macro   0x00000000       0x69 src/ASF/common/services/clock/mega/sysclk.o
 .debug_macro   0x00000000       0x32 src/ASF/common/services/clock/mega/sysclk.o
 .debug_macro   0x00000000       0x10 src/ASF/common/services/clock/mega/sysclk.o
 .debug_macro   0x00000000      0x175 src/ASF/common/services/clock/mega/sysclk.o
 .debug_macro   0x00000000       0x40 src/ASF/common/services/clock/mega/sysclk.o
 .debug_macro   0x00000000      0x100 src/ASF/common/services/clock/mega/sysclk.o
 .debug_macro   0x00000000       0x3a src/ASF/common/services/clock/mega/sysclk.o
 .debug_macro   0x00000000      0x2c6 src/ASF/common/services/clock/mega/sysclk.o
 .debug_macro   0x00000000       0x6e src/ASF/common/services/clock/mega/sysclk.o
 .debug_macro   0x00000000       0x40 src/ASF/common/services/clock/mega/sysclk.o
 .debug_macro   0x00000000       0x16 src/ASF/common/services/clock/mega/sysclk.o
 .debug_macro   0x00000000       0x34 src/ASF/common/services/clock/mega/sysclk.o
 .debug_macro   0x00000000       0xce src/ASF/common/services/clock/mega/sysclk.o
 .group         0x00000000        0x8 src/ASF/mega/boards/atmega256rfr2_xplained_pro/init.o
 .group         0x00000000        0x8 src/ASF/mega/boards/atmega256rfr2_xplained_pro/init.o
 .group         0x00000000        0x8 src/ASF/mega/boards/atmega256rfr2_xplained_pro/init.o
 .group         0x00000000        0x8 src/ASF/mega/boards/atmega256rfr2_xplained_pro/init.o
 .group         0x00000000        0x8 src/ASF/mega/boards/atmega256rfr2_xplained_pro/init.o
 .group         0x00000000        0x8 src/ASF/mega/boards/atmega256rfr2_xplained_pro/init.o
 .group         0x00000000        0x8 src/ASF/mega/boards/atmega256rfr2_xplained_pro/init.o
 .group         0x00000000        0x8 src/ASF/mega/boards/atmega256rfr2_xplained_pro/init.o
 .group         0x00000000        0x8 src/ASF/mega/boards/atmega256rfr2_xplained_pro/init.o
 .group         0x00000000        0x8 src/ASF/mega/boards/atmega256rfr2_xplained_pro/init.o
 .group         0x00000000        0x8 src/ASF/mega/boards/atmega256rfr2_xplained_pro/init.o
 .group         0x00000000        0x8 src/ASF/mega/boards/atmega256rfr2_xplained_pro/init.o
 .group         0x00000000        0x8 src/ASF/mega/boards/atmega256rfr2_xplained_pro/init.o
 .group         0x00000000        0x8 src/ASF/mega/boards/atmega256rfr2_xplained_pro/init.o
 .group         0x00000000        0x8 src/ASF/mega/boards/atmega256rfr2_xplained_pro/init.o
 .group         0x00000000        0x8 src/ASF/mega/boards/atmega256rfr2_xplained_pro/init.o
 .group         0x00000000        0x8 src/ASF/mega/boards/atmega256rfr2_xplained_pro/init.o
 .group         0x00000000        0x8 src/ASF/mega/boards/atmega256rfr2_xplained_pro/init.o
 .group         0x00000000        0x8 src/ASF/mega/boards/atmega256rfr2_xplained_pro/init.o
 .group         0x00000000        0x8 src/ASF/mega/boards/atmega256rfr2_xplained_pro/init.o
 .group         0x00000000        0x8 src/ASF/mega/boards/atmega256rfr2_xplained_pro/init.o
 .group         0x00000000        0x8 src/ASF/mega/boards/atmega256rfr2_xplained_pro/init.o
 .group         0x00000000        0x8 src/ASF/mega/boards/atmega256rfr2_xplained_pro/init.o
 .group         0x00000000        0x8 src/ASF/mega/boards/atmega256rfr2_xplained_pro/init.o
 .group         0x00000000        0x8 src/ASF/mega/boards/atmega256rfr2_xplained_pro/init.o
 .group         0x00000000        0x8 src/ASF/mega/boards/atmega256rfr2_xplained_pro/init.o
 .group         0x00000000        0x8 src/ASF/mega/boards/atmega256rfr2_xplained_pro/init.o
 .group         0x00000000        0x8 src/ASF/mega/boards/atmega256rfr2_xplained_pro/init.o
 .group         0x00000000        0x8 src/ASF/mega/boards/atmega256rfr2_xplained_pro/init.o
 .text          0x00000000        0x0 src/ASF/mega/boards/atmega256rfr2_xplained_pro/init.o
 .data          0x00000000        0x0 src/ASF/mega/boards/atmega256rfr2_xplained_pro/init.o
 .bss           0x00000000        0x0 src/ASF/mega/boards/atmega256rfr2_xplained_pro/init.o
 .debug_macro   0x00000000      0xa8a src/ASF/mega/boards/atmega256rfr2_xplained_pro/init.o
 .debug_macro   0x00000000       0x10 src/ASF/mega/boards/atmega256rfr2_xplained_pro/init.o
 .debug_macro   0x00000000      0x1c9 src/ASF/mega/boards/atmega256rfr2_xplained_pro/init.o
 .debug_macro   0x00000000      0x2fc src/ASF/mega/boards/atmega256rfr2_xplained_pro/init.o
 .debug_macro   0x00000000       0x9e src/ASF/mega/boards/atmega256rfr2_xplained_pro/init.o
 .debug_macro   0x00000000     0x37d1 src/ASF/mega/boards/atmega256rfr2_xplained_pro/init.o
 .debug_macro   0x00000000      0x219 src/ASF/mega/boards/atmega256rfr2_xplained_pro/init.o
 .debug_macro   0x00000000       0xd9 src/ASF/mega/boards/atmega256rfr2_xplained_pro/init.o
 .debug_macro   0x00000000       0x34 src/ASF/mega/boards/atmega256rfr2_xplained_pro/init.o
 .debug_macro   0x00000000       0x18 src/ASF/mega/boards/atmega256rfr2_xplained_pro/init.o
 .debug_macro   0x00000000       0x6c src/ASF/mega/boards/atmega256rfr2_xplained_pro/init.o
 .debug_macro   0x00000000       0x22 src/ASF/mega/boards/atmega256rfr2_xplained_pro/init.o
 .debug_macro   0x00000000      0x16d src/ASF/mega/boards/atmega256rfr2_xplained_pro/init.o
 .debug_macro   0x00000000       0x1c src/ASF/mega/boards/atmega256rfr2_xplained_pro/init.o
 .debug_macro   0x00000000       0x35 src/ASF/mega/boards/atmega256rfr2_xplained_pro/init.o
 .debug_macro   0x00000000       0x66 src/ASF/mega/boards/atmega256rfr2_xplained_pro/init.o
 .debug_macro   0x00000000      0x6c2 src/ASF/mega/boards/atmega256rfr2_xplained_pro/init.o
 .debug_macro   0x00000000       0x44 src/ASF/mega/boards/atmega256rfr2_xplained_pro/init.o
 .debug_macro   0x00000000       0x69 src/ASF/mega/boards/atmega256rfr2_xplained_pro/init.o
 .debug_macro   0x00000000       0x32 src/ASF/mega/boards/atmega256rfr2_xplained_pro/init.o
 .debug_macro   0x00000000       0x10 src/ASF/mega/boards/atmega256rfr2_xplained_pro/init.o
 .debug_macro   0x00000000      0x175 src/ASF/mega/boards/atmega256rfr2_xplained_pro/init.o
 .debug_macro   0x00000000       0x40 src/ASF/mega/boards/atmega256rfr2_xplained_pro/init.o
 .debug_macro   0x00000000      0x100 src/ASF/mega/boards/atmega256rfr2_xplained_pro/init.o
 .debug_macro   0x00000000       0x6e src/ASF/mega/boards/atmega256rfr2_xplained_pro/init.o
 .debug_macro   0x00000000       0x40 src/ASF/mega/boards/atmega256rfr2_xplained_pro/init.o
 .debug_macro   0x00000000       0x16 src/ASF/mega/boards/atmega256rfr2_xplained_pro/init.o
 .debug_macro   0x00000000       0x34 src/ASF/mega/boards/atmega256rfr2_xplained_pro/init.o
 .group         0x00000000        0x8 src/ASF/mega/drivers/twi/twi_megarf.o
 .group         0x00000000        0x8 src/ASF/mega/drivers/twi/twi_megarf.o
 .group         0x00000000        0x8 src/ASF/mega/drivers/twi/twi_megarf.o
 .group         0x00000000        0x8 src/ASF/mega/drivers/twi/twi_megarf.o
 .group         0x00000000        0x8 src/ASF/mega/drivers/twi/twi_megarf.o
 .group         0x00000000        0x8 src/ASF/mega/drivers/twi/twi_megarf.o
 .group         0x00000000        0x8 src/ASF/mega/drivers/twi/twi_megarf.o
 .group         0x00000000        0x8 src/ASF/mega/drivers/twi/twi_megarf.o
 .group         0x00000000        0x8 src/ASF/mega/drivers/twi/twi_megarf.o
 .group         0x00000000        0x8 src/ASF/mega/drivers/twi/twi_megarf.o
 .group         0x00000000        0x8 src/ASF/mega/drivers/twi/twi_megarf.o
 .group         0x00000000        0x8 src/ASF/mega/drivers/twi/twi_megarf.o
 .group         0x00000000        0x8 src/ASF/mega/drivers/twi/twi_megarf.o
 .group         0x00000000        0x8 src/ASF/mega/drivers/twi/twi_megarf.o
 .group         0x00000000        0x8 src/ASF/mega/drivers/twi/twi_megarf.o
 .group         0x00000000        0x8 src/ASF/mega/drivers/twi/twi_megarf.o
 .group         0x00000000        0x8 src/ASF/mega/drivers/twi/twi_megarf.o
 .group         0x00000000        0x8 src/ASF/mega/drivers/twi/twi_megarf.o
 .group         0x00000000        0x8 src/ASF/mega/drivers/twi/twi_megarf.o
 .group         0x00000000        0x8 src/ASF/mega/drivers/twi/twi_megarf.o
 .group         0x00000000        0x8 src/ASF/mega/drivers/twi/twi_megarf.o
 .group         0x00000000        0x8 src/ASF/mega/drivers/twi/twi_megarf.o
 .group         0x00000000        0x8 src/ASF/mega/drivers/twi/twi_megarf.o
 .group         0x00000000        0x8 src/ASF/mega/drivers/twi/twi_megarf.o
 .group         0x00000000        0x8 src/ASF/mega/drivers/twi/twi_megarf.o
 .group         0x00000000        0x8 src/ASF/mega/drivers/twi/twi_megarf.o
 .text          0x00000000        0x0 src/ASF/mega/drivers/twi/twi_megarf.o
 .data          0x00000000        0x0 src/ASF/mega/drivers/twi/twi_megarf.o
 .bss           0x00000000        0x0 src/ASF/mega/drivers/twi/twi_megarf.o
 .text.twi_master_write
                0x00000000       0x58 src/ASF/mega/drivers/twi/twi_megarf.o
 .text.twi_master_read
                0x00000000       0x66 src/ASF/mega/drivers/twi/twi_megarf.o
 .text.twi_master_get_status
                0x00000000        0x6 src/ASF/mega/drivers/twi/twi_megarf.o
 .text.twi_slave_status_get
                0x00000000        0xa src/ASF/mega/drivers/twi/twi_megarf.o
 .text.twi_slave_state_get
                0x00000000        0x8 src/ASF/mega/drivers/twi/twi_megarf.o
 .text.twi_slave_init
                0x00000000       0x1e src/ASF/mega/drivers/twi/twi_megarf.o
 .text.twi_slave_status_reset
                0x00000000       0x1c src/ASF/mega/drivers/twi/twi_megarf.o
 .text.twi_slave_start
                0x00000000       0x20 src/ASF/mega/drivers/twi/twi_megarf.o
 .debug_macro   0x00000000      0xa8a src/ASF/mega/drivers/twi/twi_megarf.o
 .debug_macro   0x00000000       0x10 src/ASF/mega/drivers/twi/twi_megarf.o
 .debug_macro   0x00000000      0x1c9 src/ASF/mega/drivers/twi/twi_megarf.o
 .debug_macro   0x00000000      0x2fc src/ASF/mega/drivers/twi/twi_megarf.o
 .debug_macro   0x00000000       0x9e src/ASF/mega/drivers/twi/twi_megarf.o
 .debug_macro   0x00000000     0x37d1 src/ASF/mega/drivers/twi/twi_megarf.o
 .debug_macro   0x00000000      0x219 src/ASF/mega/drivers/twi/twi_megarf.o
 .debug_macro   0x00000000       0xd9 src/ASF/mega/drivers/twi/twi_megarf.o
 .debug_macro   0x00000000       0x34 src/ASF/mega/drivers/twi/twi_megarf.o
 .debug_macro   0x00000000       0x18 src/ASF/mega/drivers/twi/twi_megarf.o
 .debug_macro   0x00000000       0x6c src/ASF/mega/drivers/twi/twi_megarf.o
 .debug_macro   0x00000000       0x22 src/ASF/mega/drivers/twi/twi_megarf.o
 .debug_macro   0x00000000      0x16d src/ASF/mega/drivers/twi/twi_megarf.o
 .debug_macro   0x00000000       0x1c src/ASF/mega/drivers/twi/twi_megarf.o
 .debug_macro   0x00000000       0x35 src/ASF/mega/drivers/twi/twi_megarf.o
 .debug_macro   0x00000000       0x66 src/ASF/mega/drivers/twi/twi_megarf.o
 .debug_macro   0x00000000      0x6c2 src/ASF/mega/drivers/twi/twi_megarf.o
 .debug_macro   0x00000000       0x44 src/ASF/mega/drivers/twi/twi_megarf.o
 .debug_macro   0x00000000       0x69 src/ASF/mega/drivers/twi/twi_megarf.o
 .debug_macro   0x00000000       0x32 src/ASF/mega/drivers/twi/twi_megarf.o
 .debug_macro   0x00000000       0x10 src/ASF/mega/drivers/twi/twi_megarf.o
 .debug_macro   0x00000000      0x175 src/ASF/mega/drivers/twi/twi_megarf.o
 .debug_macro   0x00000000       0x40 src/ASF/mega/drivers/twi/twi_megarf.o
 .debug_macro   0x00000000      0x100 src/ASF/mega/drivers/twi/twi_megarf.o
 .debug_macro   0x00000000       0x16 src/ASF/mega/drivers/twi/twi_megarf.o
 .debug_macro   0x00000000       0xac src/ASF/mega/drivers/twi/twi_megarf.o
 .text          0x00000000        0x0 c:/program files (x86)/atmel/studio/7.0/toolchain/avr8/avr8-gnu-toolchain/bin/../lib/gcc/avr/5.4.0/avr6\libgcc.a(_udivmodhi4.o)
 .data          0x00000000        0x0 c:/program files (x86)/atmel/studio/7.0/toolchain/avr8/avr8-gnu-toolchain/bin/../lib/gcc/avr/5.4.0/avr6\libgcc.a(_udivmodhi4.o)
 .bss           0x00000000        0x0 c:/program files (x86)/atmel/studio/7.0/toolchain/avr8/avr8-gnu-toolchain/bin/../lib/gcc/avr/5.4.0/avr6\libgcc.a(_udivmodhi4.o)
 .text.libgcc.mul
                0x00000000        0x0 c:/program files (x86)/atmel/studio/7.0/toolchain/avr8/avr8-gnu-toolchain/bin/../lib/gcc/avr/5.4.0/avr6\libgcc.a(_udivmodhi4.o)
 .text.libgcc.div
                0x00000000       0x28 c:/program files (x86)/atmel/studio/7.0/toolchain/avr8/avr8-gnu-toolchain/bin/../lib/gcc/avr/5.4.0/avr6\libgcc.a(_udivmodhi4.o)
 .text.libgcc   0x00000000        0x0 c:/program files (x86)/atmel/studio/7.0/toolchain/avr8/avr8-gnu-toolchain/bin/../lib/gcc/avr/5.4.0/avr6\libgcc.a(_udivmodhi4.o)
 .text.libgcc.prologue
                0x00000000        0x0 c:/program files (x86)/atmel/studio/7.0/toolchain/avr8/avr8-gnu-toolchain/bin/../lib/gcc/avr/5.4.0/avr6\libgcc.a(_udivmodhi4.o)
 .text.libgcc.builtins
                0x00000000        0x0 c:/program files (x86)/atmel/studio/7.0/toolchain/avr8/avr8-gnu-toolchain/bin/../lib/gcc/avr/5.4.0/avr6\libgcc.a(_udivmodhi4.o)
 .text.libgcc.fmul
                0x00000000        0x0 c:/program files (x86)/atmel/studio/7.0/toolchain/avr8/avr8-gnu-toolchain/bin/../lib/gcc/avr/5.4.0/avr6\libgcc.a(_udivmodhi4.o)
 .text.libgcc.fixed
                0x00000000        0x0 c:/program files (x86)/atmel/studio/7.0/toolchain/avr8/avr8-gnu-toolchain/bin/../lib/gcc/avr/5.4.0/avr6\libgcc.a(_udivmodhi4.o)
 .text          0x00000000        0x0 c:/program files (x86)/atmel/studio/7.0/toolchain/avr8/avr8-gnu-toolchain/bin/../lib/gcc/avr/5.4.0/avr6\libgcc.a(_exit.o)
 .data          0x00000000        0x0 c:/program files (x86)/atmel/studio/7.0/toolchain/avr8/avr8-gnu-toolchain/bin/../lib/gcc/avr/5.4.0/avr6\libgcc.a(_exit.o)
 .bss           0x00000000        0x0 c:/program files (x86)/atmel/studio/7.0/toolchain/avr8/avr8-gnu-toolchain/bin/../lib/gcc/avr/5.4.0/avr6\libgcc.a(_exit.o)
 .text.libgcc.mul
                0x00000000        0x0 c:/program files (x86)/atmel/studio/7.0/toolchain/avr8/avr8-gnu-toolchain/bin/../lib/gcc/avr/5.4.0/avr6\libgcc.a(_exit.o)
 .text.libgcc.div
                0x00000000        0x0 c:/program files (x86)/atmel/studio/7.0/toolchain/avr8/avr8-gnu-toolchain/bin/../lib/gcc/avr/5.4.0/avr6\libgcc.a(_exit.o)
 .text.libgcc   0x00000000        0x0 c:/program files (x86)/atmel/studio/7.0/toolchain/avr8/avr8-gnu-toolchain/bin/../lib/gcc/avr/5.4.0/avr6\libgcc.a(_exit.o)
 .text.libgcc.prologue
                0x00000000        0x0 c:/program files (x86)/atmel/studio/7.0/toolchain/avr8/avr8-gnu-toolchain/bin/../lib/gcc/avr/5.4.0/avr6\libgcc.a(_exit.o)
 .text.libgcc.builtins
                0x00000000        0x0 c:/program files (x86)/atmel/studio/7.0/toolchain/avr8/avr8-gnu-toolchain/bin/../lib/gcc/avr/5.4.0/avr6\libgcc.a(_exit.o)
 .text.libgcc.fmul
                0x00000000        0x0 c:/program files (x86)/atmel/studio/7.0/toolchain/avr8/avr8-gnu-toolchain/bin/../lib/gcc/avr/5.4.0/avr6\libgcc.a(_exit.o)
 .text.libgcc.fixed
                0x00000000        0x0 c:/program files (x86)/atmel/studio/7.0/toolchain/avr8/avr8-gnu-toolchain/bin/../lib/gcc/avr/5.4.0/avr6\libgcc.a(_exit.o)
 .text          0x00000000        0x0 c:/program files (x86)/atmel/studio/7.0/toolchain/avr8/avr8-gnu-toolchain/bin/../lib/gcc/avr/5.4.0/avr6\libgcc.a(_tablejump2.o)
 .data          0x00000000        0x0 c:/program files (x86)/atmel/studio/7.0/toolchain/avr8/avr8-gnu-toolchain/bin/../lib/gcc/avr/5.4.0/avr6\libgcc.a(_tablejump2.o)
 .bss           0x00000000        0x0 c:/program files (x86)/atmel/studio/7.0/toolchain/avr8/avr8-gnu-toolchain/bin/../lib/gcc/avr/5.4.0/avr6\libgcc.a(_tablejump2.o)
 .text.libgcc.mul
                0x00000000        0x0 c:/program files (x86)/atmel/studio/7.0/toolchain/avr8/avr8-gnu-toolchain/bin/../lib/gcc/avr/5.4.0/avr6\libgcc.a(_tablejump2.o)
 .text.libgcc.div
                0x00000000        0x0 c:/program files (x86)/atmel/studio/7.0/toolchain/avr8/avr8-gnu-toolchain/bin/../lib/gcc/avr/5.4.0/avr6\libgcc.a(_tablejump2.o)
 .text.libgcc.prologue
                0x00000000        0x0 c:/program files (x86)/atmel/studio/7.0/toolchain/avr8/avr8-gnu-toolchain/bin/../lib/gcc/avr/5.4.0/avr6\libgcc.a(_tablejump2.o)
 .text.libgcc.builtins
                0x00000000        0x0 c:/program files (x86)/atmel/studio/7.0/toolchain/avr8/avr8-gnu-toolchain/bin/../lib/gcc/avr/5.4.0/avr6\libgcc.a(_tablejump2.o)
 .text.libgcc.fmul
                0x00000000        0x0 c:/program files (x86)/atmel/studio/7.0/toolchain/avr8/avr8-gnu-toolchain/bin/../lib/gcc/avr/5.4.0/avr6\libgcc.a(_tablejump2.o)
 .text.libgcc.fixed
                0x00000000        0x0 c:/program files (x86)/atmel/studio/7.0/toolchain/avr8/avr8-gnu-toolchain/bin/../lib/gcc/avr/5.4.0/avr6\libgcc.a(_tablejump2.o)
 .text          0x00000000        0x0 c:/program files (x86)/atmel/studio/7.0/toolchain/avr8/avr8-gnu-toolchain/bin/../lib/gcc/avr/5.4.0/avr6\libgcc.a(_copy_data.o)
 .data          0x00000000        0x0 c:/program files (x86)/atmel/studio/7.0/toolchain/avr8/avr8-gnu-toolchain/bin/../lib/gcc/avr/5.4.0/avr6\libgcc.a(_copy_data.o)
 .bss           0x00000000        0x0 c:/program files (x86)/atmel/studio/7.0/toolchain/avr8/avr8-gnu-toolchain/bin/../lib/gcc/avr/5.4.0/avr6\libgcc.a(_copy_data.o)
 .text.libgcc.mul
                0x00000000        0x0 c:/program files (x86)/atmel/studio/7.0/toolchain/avr8/avr8-gnu-toolchain/bin/../lib/gcc/avr/5.4.0/avr6\libgcc.a(_copy_data.o)
 .text.libgcc.div
                0x00000000        0x0 c:/program files (x86)/atmel/studio/7.0/toolchain/avr8/avr8-gnu-toolchain/bin/../lib/gcc/avr/5.4.0/avr6\libgcc.a(_copy_data.o)
 .text.libgcc   0x00000000        0x0 c:/program files (x86)/atmel/studio/7.0/toolchain/avr8/avr8-gnu-toolchain/bin/../lib/gcc/avr/5.4.0/avr6\libgcc.a(_copy_data.o)
 .text.libgcc.prologue
                0x00000000        0x0 c:/program files (x86)/atmel/studio/7.0/toolchain/avr8/avr8-gnu-toolchain/bin/../lib/gcc/avr/5.4.0/avr6\libgcc.a(_copy_data.o)
 .text.libgcc.builtins
                0x00000000        0x0 c:/program files (x86)/atmel/studio/7.0/toolchain/avr8/avr8-gnu-toolchain/bin/../lib/gcc/avr/5.4.0/avr6\libgcc.a(_copy_data.o)
 .text.libgcc.fmul
                0x00000000        0x0 c:/program files (x86)/atmel/studio/7.0/toolchain/avr8/avr8-gnu-toolchain/bin/../lib/gcc/avr/5.4.0/avr6\libgcc.a(_copy_data.o)
 .text.libgcc.fixed
                0x00000000        0x0 c:/program files (x86)/atmel/studio/7.0/toolchain/avr8/avr8-gnu-toolchain/bin/../lib/gcc/avr/5.4.0/avr6\libgcc.a(_copy_data.o)
 .text          0x00000000        0x0 c:/program files (x86)/atmel/studio/7.0/toolchain/avr8/avr8-gnu-toolchain/bin/../lib/gcc/avr/5.4.0/avr6\libgcc.a(_clear_bss.o)
 .data          0x00000000        0x0 c:/program files (x86)/atmel/studio/7.0/toolchain/avr8/avr8-gnu-toolchain/bin/../lib/gcc/avr/5.4.0/avr6\libgcc.a(_clear_bss.o)
 .bss           0x00000000        0x0 c:/program files (x86)/atmel/studio/7.0/toolchain/avr8/avr8-gnu-toolchain/bin/../lib/gcc/avr/5.4.0/avr6\libgcc.a(_clear_bss.o)
 .text.libgcc.mul
                0x00000000        0x0 c:/program files (x86)/atmel/studio/7.0/toolchain/avr8/avr8-gnu-toolchain/bin/../lib/gcc/avr/5.4.0/avr6\libgcc.a(_clear_bss.o)
 .text.libgcc.div
                0x00000000        0x0 c:/program files (x86)/atmel/studio/7.0/toolchain/avr8/avr8-gnu-toolchain/bin/../lib/gcc/avr/5.4.0/avr6\libgcc.a(_clear_bss.o)
 .text.libgcc   0x00000000        0x0 c:/program files (x86)/atmel/studio/7.0/toolchain/avr8/avr8-gnu-toolchain/bin/../lib/gcc/avr/5.4.0/avr6\libgcc.a(_clear_bss.o)
 .text.libgcc.prologue
                0x00000000        0x0 c:/program files (x86)/atmel/studio/7.0/toolchain/avr8/avr8-gnu-toolchain/bin/../lib/gcc/avr/5.4.0/avr6\libgcc.a(_clear_bss.o)
 .text.libgcc.builtins
                0x00000000        0x0 c:/program files (x86)/atmel/studio/7.0/toolchain/avr8/avr8-gnu-toolchain/bin/../lib/gcc/avr/5.4.0/avr6\libgcc.a(_clear_bss.o)
 .text.libgcc.fmul
                0x00000000        0x0 c:/program files (x86)/atmel/studio/7.0/toolchain/avr8/avr8-gnu-toolchain/bin/../lib/gcc/avr/5.4.0/avr6\libgcc.a(_clear_bss.o)
 .text.libgcc.fixed
                0x00000000        0x0 c:/program files (x86)/atmel/studio/7.0/toolchain/avr8/avr8-gnu-toolchain/bin/../lib/gcc/avr/5.4.0/avr6\libgcc.a(_clear_bss.o)
 .text          0x00000000        0x0 c:/program files (x86)/atmel/studio/7.0/toolchain/avr8/avr8-gnu-toolchain/bin/../lib/gcc/avr/5.4.0/../../../../avr/lib/avr6\libc.a(memcpy.o)
 .data          0x00000000        0x0 c:/program files (x86)/atmel/studio/7.0/toolchain/avr8/avr8-gnu-toolchain/bin/../lib/gcc/avr/5.4.0/../../../../avr/lib/avr6\libc.a(memcpy.o)
 .bss           0x00000000        0x0 c:/program files (x86)/atmel/studio/7.0/toolchain/avr8/avr8-gnu-toolchain/bin/../lib/gcc/avr/5.4.0/../../../../avr/lib/avr6\libc.a(memcpy.o)
 .text.avr-libc
                0x00000000       0x12 c:/program files (x86)/atmel/studio/7.0/toolchain/avr8/avr8-gnu-toolchain/bin/../lib/gcc/avr/5.4.0/../../../../avr/lib/avr6\libc.a(memcpy.o)
 .text          0x00000000        0x0 c:/program files (x86)/atmel/studio/7.0/toolchain/avr8/avr8-gnu-toolchain/bin/../lib/gcc/avr/5.4.0/../../../../avr/lib/avr6\libc.a(vsprintf.o)
 .data          0x00000000        0x0 c:/program files (x86)/atmel/studio/7.0/toolchain/avr8/avr8-gnu-toolchain/bin/../lib/gcc/avr/5.4.0/../../../../avr/lib/avr6\libc.a(vsprintf.o)
 .bss           0x00000000        0x0 c:/program files (x86)/atmel/studio/7.0/toolchain/avr8/avr8-gnu-toolchain/bin/../lib/gcc/avr/5.4.0/../../../../avr/lib/avr6\libc.a(vsprintf.o)
 .text          0x00000000        0x0 c:/program files (x86)/atmel/studio/7.0/toolchain/avr8/avr8-gnu-toolchain/bin/../lib/gcc/avr/5.4.0/../../../../avr/lib/avr6\libc.a(vfprintf_std.o)
 .data          0x00000000        0x0 c:/program files (x86)/atmel/studio/7.0/toolchain/avr8/avr8-gnu-toolchain/bin/../lib/gcc/avr/5.4.0/../../../../avr/lib/avr6\libc.a(vfprintf_std.o)
 .bss           0x00000000        0x0 c:/program files (x86)/atmel/studio/7.0/toolchain/avr8/avr8-gnu-toolchain/bin/../lib/gcc/avr/5.4.0/../../../../avr/lib/avr6\libc.a(vfprintf_std.o)
 .text          0x00000000        0x0 c:/program files (x86)/atmel/studio/7.0/toolchain/avr8/avr8-gnu-toolchain/bin/../lib/gcc/avr/5.4.0/../../../../avr/lib/avr6\libc.a(strnlen_P.o)
 .data          0x00000000        0x0 c:/program files (x86)/atmel/studio/7.0/toolchain/avr8/avr8-gnu-toolchain/bin/../lib/gcc/avr/5.4.0/../../../../avr/lib/avr6\libc.a(strnlen_P.o)
 .bss           0x00000000        0x0 c:/program files (x86)/atmel/studio/7.0/toolchain/avr8/avr8-gnu-toolchain/bin/../lib/gcc/avr/5.4.0/../../../../avr/lib/avr6\libc.a(strnlen_P.o)
 .text          0x00000000        0x0 c:/program files (x86)/atmel/studio/7.0/toolchain/avr8/avr8-gnu-toolchain/bin/../lib/gcc/avr/5.4.0/../../../../avr/lib/avr6\libc.a(strnlen.o)
 .data          0x00000000        0x0 c:/program files (x86)/atmel/studio/7.0/toolchain/avr8/avr8-gnu-toolchain/bin/../lib/gcc/avr/5.4.0/../../../../avr/lib/avr6\libc.a(strnlen.o)
 .bss           0x00000000        0x0 c:/program files (x86)/atmel/studio/7.0/toolchain/avr8/avr8-gnu-toolchain/bin/../lib/gcc/avr/5.4.0/../../../../avr/lib/avr6\libc.a(strnlen.o)
 .text          0x00000000        0x0 c:/program files (x86)/atmel/studio/7.0/toolchain/avr8/avr8-gnu-toolchain/bin/../lib/gcc/avr/5.4.0/../../../../avr/lib/avr6\libc.a(fputc.o)
 .data          0x00000000        0x0 c:/program files (x86)/atmel/studio/7.0/toolchain/avr8/avr8-gnu-toolchain/bin/../lib/gcc/avr/5.4.0/../../../../avr/lib/avr6\libc.a(fputc.o)
 .bss           0x00000000        0x0 c:/program files (x86)/atmel/studio/7.0/toolchain/avr8/avr8-gnu-toolchain/bin/../lib/gcc/avr/5.4.0/../../../../avr/lib/avr6\libc.a(fputc.o)
 .text          0x00000000        0x0 c:/program files (x86)/atmel/studio/7.0/toolchain/avr8/avr8-gnu-toolchain/bin/../lib/gcc/avr/5.4.0/../../../../avr/lib/avr6\libc.a(ultoa_invert.o)
 .data          0x00000000        0x0 c:/program files (x86)/atmel/studio/7.0/toolchain/avr8/avr8-gnu-toolchain/bin/../lib/gcc/avr/5.4.0/../../../../avr/lib/avr6\libc.a(ultoa_invert.o)
 .bss           0x00000000        0x0 c:/program files (x86)/atmel/studio/7.0/toolchain/avr8/avr8-gnu-toolchain/bin/../lib/gcc/avr/5.4.0/../../../../avr/lib/avr6\libc.a(ultoa_invert.o)

Memory Configuration

Name             Origin             Length             Attributes
text             0x00000000         0x00100000         xr
data             0x00800200         0x0000fe00         rw !x
eeprom           0x00810000         0x00010000         rw !x
fuse             0x00820000         0x00000003         rw !x
lock             0x00830000         0x00000400         rw !x
signature        0x00840000         0x00000400         rw !x
user_signatures  0x00850000         0x00000400         rw !x
*default*        0x00000000         0xffffffff

Linker script and memory map

Address of section .data set to 0x800200
LOAD C:/Program Files (x86)/Atmel/Studio/7.0/Packs/atmel/ATmega_DFP/1.3.300/gcc/dev/atmega256rfr2/avr6/crtatmega256rfr2.o
LOAD stack/phy/atmegarfr2/src/phy.o
LOAD template.o
LOAD src/at30ts.o
LOAD src/temperature.o
LOAD src/ASF/common/services/clock/mega/sysclk.o
LOAD src/ASF/mega/boards/atmega256rfr2_xplained_pro/init.o
LOAD src/ASF/mega/drivers/twi/twi_megarf.o
START GROUP
END GROUP
START GROUP
LOAD c:/program files (x86)/atmel/studio/7.0/toolchain/avr8/avr8-gnu-toolchain/bin/../lib/gcc/avr/5.4.0/avr6\libgcc.a
LOAD c:/program files (x86)/atmel/studio/7.0/toolchain/avr8/avr8-gnu-toolchain/bin/../lib/gcc/avr/5.4.0/../../../../avr/lib/avr6\libm.a
LOAD c:/program files (x86)/atmel/studio/7.0/toolchain/avr8/avr8-gnu-toolchain/bin/../lib/gcc/avr/5.4.0/../../../../avr/lib/avr6\libc.a
LOAD C:/Program Files (x86)/Atmel/Studio/7.0/Packs/atmel/ATmega_DFP/1.3.300/gcc/dev/atmega256rfr2/avr6\libatmega256rfr2.a
END GROUP
                0x00000000                __TEXT_REGION_ORIGIN__ = DEFINED (__TEXT_REGION_ORIGIN__)?__TEXT_REGION_ORIGIN__:0x0
                0x00800200                __DATA_REGION_ORIGIN__ = DEFINED (__DATA_REGION_ORIGIN__)?__DATA_REGION_ORIGIN__:0x800200
                0x00100000                __TEXT_REGION_LENGTH__ = DEFINED (__TEXT_REGION_LENGTH__)?__TEXT_REGION_LENGTH__:0x100000
                0x0000fe00                __DATA_REGION_LENGTH__ = DEFINED (__DATA_REGION_LENGTH__)?__DATA_REGION_LENGTH__:0xfe00
                0x00010000                __EEPROM_REGION_LENGTH__ = DEFINED (__EEPROM_REGION_LENGTH__)?__EEPROM_REGION_LENGTH__:0x10000
                [0x00000003]                __FUSE_REGION_LENGTH__ = DEFINED (__FUSE_REGION_LENGTH__)?__FUSE_REGION_LENGTH__:0x400
                0x00000400                __LOCK_REGION_LENGTH__ = DEFINED (__LOCK_REGION_LENGTH__)?__LOCK_REGION_LENGTH__:0x400
                0x00000400                __SIGNATURE_REGION_LENGTH__ = DEFINED (__SIGNATURE_REGION_LENGTH__)?__SIGNATURE_REGION_LENGTH__:0x400
                0x00000400                __USER_SIGNATURE_REGION_LENGTH__ = DEFINED (__USER_SIGNATURE_REGION_LENGTH__)?__USER_SIGNATURE_REGION_LENGTH__:0x400

.hash
 *(.hash)

.dynsym
 *(.dynsym)

.dynstr
 *(.dynstr)

.gnu.version
 *(.gnu.version)

.gnu.version_d
 *(.gnu.version_d)

.gnu.version_r
 *(.gnu.version_r)

.rel.init
 *(.rel.init)

.rela.init
 *(.rela.init)

.rel.text
 *(.rel.text)
 *(.rel.text.*)
 *(.rel.gnu.linkonce.t*)

.rela.text
 *(.rela.text)
 *(.rela.text.*)
 *(.rela.gnu.linkonce.t*)

.rel.fini
 *(.rel.fini)

.rela.fini
 *(.rela.fini)

.rel.rodata
 *(.rel.rodata)
 *(.rel.rodata.*)
 *(.rel.gnu.linkonce.r*)

.rela.rodata
 *(.rela.rodata)
 *(.rela.rodata.*)
 *(.rela.gnu.linkonce.r*)

.rel.data
 *(.rel.data)
 *(.rel.data.*)
 *(.rel.gnu.linkonce.d*)

.rela.data
 *(.rela.data)
 *(.rela.data.*)
 *(.rela.gnu.linkonce.d*)

.rel.ctors
 *(.rel.ctors)

.rela.ctors
 *(.rela.ctors)

.rel.dtors
 *(.rel.dtors)

.rela.dtors
 *(.rela.dtors)

.rel.got
 *(.rel.got)

.rela.got
 *(.rela.got)

.rel.bss
 *(.rel.bss)

.rela.bss
 *(.rela.bss)

.rel.plt
 *(.rel.plt)

.rela.plt
 *(.rela.plt)

.text           0x00000000     0x1198
 *(.vectors)
 .vectors       0x00000000      0x134 C:/Program Files (x86)/Atmel/Studio/7.0/Packs/atmel/ATmega_DFP/1.3.300/gcc/dev/atmega256rfr2/avr6/crtatmega256rfr2.o
                0x00000000                __vector_default
                0x00000000                __vectors
 *(.vectors)
 *(.progmem.gcc*)
 .progmem.gcc_sw_table.__vector_39
                0x00000134      0x192 src/ASF/mega/drivers/twi/twi_megarf.o
                0x000002c6                . = ALIGN (0x2)
                0x000002c6                __trampolines_start = .
 *(.trampolines)
 .trampolines   0x000002c6        0x0 linker stubs
 *(.trampolines*)
                0x000002c6                __trampolines_end = .
 *libprintf_flt.a:*(.progmem.data)
 *libc.a:*(.progmem.data)
 *(.progmem*)
                0x000002c6                . = ALIGN (0x2)
 *(.jumptables)
 *(.jumptables*)
 *(.lowtext)
 *(.lowtext*)
                0x000002c6                __ctors_start = .
 *(.ctors)
                0x000002c6                __ctors_end = .
                0x000002c6                __dtors_start = .
 *(.dtors)
                0x000002c6                __dtors_end = .
 SORT(*)(.ctors)
 SORT(*)(.dtors)
 *(.init0)
 .init0         0x000002c6        0x0 C:/Program Files (x86)/Atmel/Studio/7.0/Packs/atmel/ATmega_DFP/1.3.300/gcc/dev/atmega256rfr2/avr6/crtatmega256rfr2.o
                0x000002c6                __init
 *(.init0)
 *(.init1)
 *(.init1)
 *(.init2)
 .init2         0x000002c6       0x10 C:/Program Files (x86)/Atmel/Studio/7.0/Packs/atmel/ATmega_DFP/1.3.300/gcc/dev/atmega256rfr2/avr6/crtatmega256rfr2.o
 *(.init2)
 *(.init3)
 *(.init3)
 *(.init4)
 .init4         0x000002d6       0x1a c:/program files (x86)/atmel/studio/7.0/toolchain/avr8/avr8-gnu-toolchain/bin/../lib/gcc/avr/5.4.0/avr6\libgcc.a(_copy_data.o)
                0x000002d6                __do_copy_data
 .init4         0x000002f0       0x10 c:/program files (x86)/atmel/studio/7.0/toolchain/avr8/avr8-gnu-toolchain/bin/../lib/gcc/avr/5.4.0/avr6\libgcc.a(_clear_bss.o)
                0x000002f0                __do_clear_bss
 *(.init4)
 *(.init5)
 *(.init5)
 *(.init6)
 *(.init6)
 *(.init7)
 *(.init7)
 *(.init8)
 *(.init8)
 *(.init9)
 .init9         0x00000300        0x4 C:/Program Files (x86)/Atmel/Studio/7.0/Packs/atmel/ATmega_DFP/1.3.300/gcc/dev/atmega256rfr2/avr6/crtatmega256rfr2.o
 *(.init9)
 *(.text)
 .text          0x00000304        0x2 C:/Program Files (x86)/Atmel/Studio/7.0/Packs/atmel/ATmega_DFP/1.3.300/gcc/dev/atmega256rfr2/avr6/crtatmega256rfr2.o
                0x00000304                __vector_38
                0x00000304                __vector_22
                0x00000304                __vector_63
                0x00000304                __vector_28
                0x00000304                __vector_67
                0x00000304                __vector_1
                0x00000304                __vector_32
                0x00000304                __vector_75
                0x00000304                __vector_71
                0x00000304                __vector_34
                0x00000304                __vector_62
                0x00000304                __vector_24
                0x00000304                __vector_12
                0x00000304                __vector_55
                0x00000304                __vector_69
                0x00000304                __vector_46
                0x00000304                __bad_interrupt
                0x00000304                __vector_72
                0x00000304                __vector_6
                0x00000304                __vector_31
                0x00000304                __vector_35
                0x00000304                __vector_74
                0x00000304                __vector_3
                0x00000304                __vector_23
                0x00000304                __vector_68
                0x00000304                __vector_30
                0x00000304                __vector_73
                0x00000304                __vector_45
                0x00000304                __vector_25
                0x00000304                __vector_61
                0x00000304                __vector_11
                0x00000304                __vector_54
                0x00000304                __vector_13
                0x00000304                __vector_17
                0x00000304                __vector_19
                0x00000304                __vector_56
                0x00000304                __vector_7
                0x00000304                __vector_49
                0x00000304                __vector_41
                0x00000304                __vector_64
                0x00000304                __vector_43
                0x00000304                __vector_27
                0x00000304                __vector_5
                0x00000304                __vector_33
                0x00000304                __vector_76
                0x00000304                __vector_47
                0x00000304                __vector_52
                0x00000304                __vector_37
                0x00000304                __vector_4
                0x00000304                __vector_44
                0x00000304                __vector_51
                0x00000304                __vector_9
                0x00000304                __vector_2
                0x00000304                __vector_21
                0x00000304                __vector_15
                0x00000304                __vector_66
                0x00000304                __vector_36
                0x00000304                __vector_58
                0x00000304                __vector_70
                0x00000304                __vector_29
                0x00000304                __vector_60
                0x00000304                __vector_40
                0x00000304                __vector_8
                0x00000304                __vector_26
                0x00000304                __vector_48
                0x00000304                __vector_14
                0x00000304                __vector_57
                0x00000304                __vector_53
                0x00000304                __vector_10
                0x00000304                __vector_50
                0x00000304                __vector_16
                0x00000304                __vector_59
                0x00000304                __vector_18
                0x00000304                __vector_20
                0x00000304                __vector_42
                0x00000304                __vector_65
                0x00000306                . = ALIGN (0x2)
 *(.text.*)
 .text.phySetChannel
                0x00000306       0x3c stack/phy/atmegarfr2/src/phy.o
 .text.phyTrxSetState
                0x00000342       0x24 stack/phy/atmegarfr2/src/phy.o
 .text.PHY_Init
                0x00000366       0x4a stack/phy/atmegarfr2/src/phy.o
                0x00000366                PHY_Init
 .text.PHY_SetRxState
                0x000003b0       0x1c stack/phy/atmegarfr2/src/phy.o
                0x000003b0                PHY_SetRxState
 .text.Ecris_Wireless
                0x000003cc       0x58 stack/phy/atmegarfr2/src/phy.o
                0x000003cc                Ecris_Wireless
 .text.PHY_TaskHandler
                0x00000424       0xa8 stack/phy/atmegarfr2/src/phy.o
                0x00000424                PHY_TaskHandler
 .text.Lis_UART
                0x000004cc       0x12 template.o
                0x000004cc                Lis_UART
 .text.Ecris_UART
                0x000004de       0x10 template.o
                0x000004de                Ecris_UART
 .text.Lis_UART_string
                0x000004ee       0x28 template.o
                0x000004ee                Lis_UART_string
 .text.Ecris_UART_string
                0x00000516       0x70 template.o
                0x00000516                Ecris_UART_string
 .text.init_UART
                0x00000586       0x1c template.o
                0x00000586                init_UART
 .text.init_buff_nom
                0x000005a2       0x16 template.o
                0x000005a2                init_buff_nom
 .text.SYS_Init
                0x000005b8       0x26 template.o
                0x000005b8                SYS_Init
 .text.main     0x000005de      0x10a template.o
                0x000005de                main
 .text.attach_device
                0x000006e8       0x5c src/at30ts.o
                0x000006e8                attach_device
 .text.__portable_avr_delay_cycles
                0x00000744       0x16 src/temperature.o
 .text.TWI_init
                0x0000075a       0x6c src/temperature.o
                0x0000075a                TWI_init
 .text.sysclk_enable_module
                0x000007c6       0x30 src/ASF/common/services/clock/mega/sysclk.o
                0x000007c6                sysclk_enable_module
 .text.board_init
                0x000007f6        0xa src/ASF/mega/boards/atmega256rfr2_xplained_pro/init.o
                0x000007f6                board_init
 .text.twi_master_bus_reset
                0x00000800       0x12 src/ASF/mega/drivers/twi/twi_megarf.o
 .text.twi_master_init
                0x00000812       0x26 src/ASF/mega/drivers/twi/twi_megarf.o
                0x00000812                twi_master_init
 .text.__vector_39
                0x00000838      0x3a2 src/ASF/mega/drivers/twi/twi_megarf.o
                0x00000838                __vector_39
 .text.libgcc   0x00000bda       0x10 c:/program files (x86)/atmel/studio/7.0/toolchain/avr8/avr8-gnu-toolchain/bin/../lib/gcc/avr/5.4.0/avr6\libgcc.a(_tablejump2.o)
                0x00000bda                __tablejump2__
 .text.avr-libc
                0x00000bea       0x50 c:/program files (x86)/atmel/studio/7.0/toolchain/avr8/avr8-gnu-toolchain/bin/../lib/gcc/avr/5.4.0/../../../../avr/lib/avr6\libc.a(vsprintf.o)
                0x00000bea                vsprintf
 .text.avr-libc
                0x00000c3a      0x3fa c:/program files (x86)/atmel/studio/7.0/toolchain/avr8/avr8-gnu-toolchain/bin/../lib/gcc/avr/5.4.0/../../../../avr/lib/avr6\libc.a(vfprintf_std.o)
                0x00000c3a                vfprintf
 .text.avr-libc
                0x00001034       0x16 c:/program files (x86)/atmel/studio/7.0/toolchain/avr8/avr8-gnu-toolchain/bin/../lib/gcc/avr/5.4.0/../../../../avr/lib/avr6\libc.a(strnlen_P.o)
                0x00001034                strnlen_P
 .text.avr-libc
                0x0000104a       0x16 c:/program files (x86)/atmel/studio/7.0/toolchain/avr8/avr8-gnu-toolchain/bin/../lib/gcc/avr/5.4.0/../../../../avr/lib/avr6\libc.a(strnlen.o)
                0x0000104a                strnlen
 .text.avr-libc
                0x00001060       0x78 c:/program files (x86)/atmel/studio/7.0/toolchain/avr8/avr8-gnu-toolchain/bin/../lib/gcc/avr/5.4.0/../../../../avr/lib/avr6\libc.a(fputc.o)
                0x00001060                fputc
 .text.avr-libc
                0x000010d8       0xbc c:/program files (x86)/atmel/studio/7.0/toolchain/avr8/avr8-gnu-toolchain/bin/../lib/gcc/avr/5.4.0/../../../../avr/lib/avr6\libc.a(ultoa_invert.o)
                0x000010d8                __ultoa_invert
                0x00001194                . = ALIGN (0x2)
 *(.fini9)
 .fini9         0x00001194        0x0 c:/program files (x86)/atmel/studio/7.0/toolchain/avr8/avr8-gnu-toolchain/bin/../lib/gcc/avr/5.4.0/avr6\libgcc.a(_exit.o)
                0x00001194                _exit
                0x00001194                exit
 *(.fini9)
 *(.fini8)
 *(.fini8)
 *(.fini7)
 *(.fini7)
 *(.fini6)
 *(.fini6)
 *(.fini5)
 *(.fini5)
 *(.fini4)
 *(.fini4)
 *(.fini3)
 *(.fini3)
 *(.fini2)
 *(.fini2)
 *(.fini1)
 *(.fini1)
 *(.fini0)
 .fini0         0x00001194        0x4 c:/program files (x86)/atmel/studio/7.0/toolchain/avr8/avr8-gnu-toolchain/bin/../lib/gcc/avr/5.4.0/avr6\libgcc.a(_exit.o)
 *(.fini0)
                0x00001198                _etext = .

.data           0x00800200       0x28 load address 0x00001198
                0x00800200                PROVIDE (__data_start, .)
 *(.data)
 *(.data*)
 .data.debug    0x00800200        0x2 template.o
                0x00800200                debug
 *(.gnu.linkonce.d*)
 *(.rodata)
 *(.rodata*)
 .rodata.str1.1
                0x00800202       0x25 template.o
                                 0x28 (size before relaxing)
 *(.gnu.linkonce.r*)
                0x00800228                . = ALIGN (0x2)
 *fill*         0x00800227        0x1 
                0x00800228                _edata = .
                0x00800228                PROVIDE (__data_end, .)

.bss            0x00800228       0xb4
                0x00800228                PROVIDE (__bss_start, .)
 *(.bss)
 *(.bss*)
 .bss.phyBand   0x00800228        0x1 stack/phy/atmegarfr2/src/phy.o
 .bss.phyChannel
                0x00800229        0x1 stack/phy/atmegarfr2/src/phy.o
 .bss.phyRxState
                0x0080022a        0x1 stack/phy/atmegarfr2/src/phy.o
 .bss.phyRxBuffer
                0x0080022b       0x80 stack/phy/atmegarfr2/src/phy.o
 .bss.phyState  0x008002ab        0x1 stack/phy/atmegarfr2/src/phy.o
 .bss.ind_buff  0x008002ac        0x1 template.o
                0x008002ac                ind_buff
 .bss.at30ts_attached_device
                0x008002ad        0x4 src/at30ts.o
 .bss.twi_mode  0x008002b1        0x1 src/ASF/mega/drivers/twi/twi_megarf.o
 .bss.twi_master_busy
                0x008002b2        0x1 src/ASF/mega/drivers/twi/twi_megarf.o
 .bss.slave_transfer
                0x008002b3        0x7 src/ASF/mega/drivers/twi/twi_megarf.o
 .bss.master_transfer
                0x008002ba        0x8 src/ASF/mega/drivers/twi/twi_megarf.o
 *(COMMON)
 COMMON         0x008002c2       0x1a template.o
                0x008002c2                ind
                0x008002c7                receivedWireless
                0x008002c8                buff_nom
                0x008002dc                PROVIDE (__bss_end, .)
                0x00001198                __data_load_start = LOADADDR (.data)
                0x000011c0                __data_load_end = (__data_load_start + SIZEOF (.data))

.noinit         0x008002dc        0x0
                [!provide]                PROVIDE (__noinit_start, .)
 *(.noinit*)
                [!provide]                PROVIDE (__noinit_end, .)
                0x008002dc                _end = .
                [!provide]                PROVIDE (__heap_start, .)

.eeprom         0x00810000        0x0
 *(.eeprom*)
                0x00810000                __eeprom_end = .

.fuse
 *(.fuse)
 *(.lfuse)
 *(.hfuse)
 *(.efuse)

.lock
 *(.lock*)

.signature
 *(.signature*)

.user_signatures
 *(.user_signatures*)

.stab
 *(.stab)

.stabstr
 *(.stabstr)

.stab.excl
 *(.stab.excl)

.stab.exclstr
 *(.stab.exclstr)

.stab.index
 *(.stab.index)

.stab.indexstr
 *(.stab.indexstr)

.comment        0x00000000       0x5c
 *(.comment)
 .comment       0x00000000       0x30 stack/phy/atmegarfr2/src/phy.o
                                 0x31 (size before relaxing)
 .comment       0x00000030       0x31 template.o
 .comment       0x00000030       0x31 src/at30ts.o
 .comment       0x00000030       0x31 src/temperature.o
 .comment       0x00000030       0x31 src/ASF/common/services/clock/mega/sysclk.o
 .comment       0x00000030       0x31 src/ASF/mega/boards/atmega256rfr2_xplained_pro/init.o
 .comment       0x00000030       0x31 src/ASF/mega/drivers/twi/twi_megarf.o
 .comment       0x00000030       0x31 c:/program files (x86)/atmel/studio/7.0/toolchain/avr8/avr8-gnu-toolchain/bin/../lib/gcc/avr/5.4.0/../../../../avr/lib/avr6\libc.a(vsprintf.o)
 .comment       0x00000030       0x2c c:/program files (x86)/atmel/studio/7.0/toolchain/avr8/avr8-gnu-toolchain/bin/../lib/gcc/avr/5.4.0/../../../../avr/lib/avr6\libc.a(vfprintf_std.o)
                                 0x2d (size before relaxing)
 .comment       0x0000005c       0x31 c:/program files (x86)/atmel/studio/7.0/toolchain/avr8/avr8-gnu-toolchain/bin/../lib/gcc/avr/5.4.0/../../../../avr/lib/avr6\libc.a(fputc.o)

.note.gnu.avr.deviceinfo
                0x00000000       0x40
 .note.gnu.avr.deviceinfo
                0x00000000       0x40 C:/Program Files (x86)/Atmel/Studio/7.0/Packs/atmel/ATmega_DFP/1.3.300/gcc/dev/atmega256rfr2/avr6/crtatmega256rfr2.o

.note.gnu.build-id
 *(.note.gnu.build-id)

.debug
 *(.debug)

.line
 *(.line)

.debug_srcinfo
 *(.debug_srcinfo)

.debug_sfnames
 *(.debug_sfnames)

.debug_aranges  0x00000000      0x288
 *(.debug_aranges)
 .debug_aranges
                0x00000000       0x60 stack/phy/atmegarfr2/src/phy.o
 .debug_aranges
                0x00000060       0x58 template.o
 .debug_aranges
                0x000000b8       0xd8 src/at30ts.o
 .debug_aranges
                0x00000190       0x38 src/temperature.o
 .debug_aranges
                0x000001c8       0x30 src/ASF/common/services/clock/mega/sysclk.o
 .debug_aranges
                0x000001f8       0x20 src/ASF/mega/boards/atmega256rfr2_xplained_pro/init.o
 .debug_aranges
                0x00000218       0x70 src/ASF/mega/drivers/twi/twi_megarf.o

.debug_pubnames
 *(.debug_pubnames)

.debug_info     0x00000000     0x4949
 *(.debug_info .gnu.linkonce.wi.*)
 .debug_info    0x00000000     0x13e6 C:/Program Files (x86)/Atmel/Studio/7.0/Packs/atmel/ATmega_DFP/1.3.300/gcc/dev/atmega256rfr2/avr6/crtatmega256rfr2.o
 .debug_info    0x000013e6      0x6ab stack/phy/atmegarfr2/src/phy.o
 .debug_info    0x00001a91      0x531 template.o
 .debug_info    0x00001fc2     0x1185 src/at30ts.o
 .debug_info    0x00003147      0x822 src/temperature.o
 .debug_info    0x00003969      0x2b5 src/ASF/common/services/clock/mega/sysclk.o
 .debug_info    0x00003c1e      0x282 src/ASF/mega/boards/atmega256rfr2_xplained_pro/init.o
 .debug_info    0x00003ea0      0xaa9 src/ASF/mega/drivers/twi/twi_megarf.o

.debug_abbrev   0x00000000     0x23c3
 *(.debug_abbrev)
 .debug_abbrev  0x00000000     0x12d6 C:/Program Files (x86)/Atmel/Studio/7.0/Packs/atmel/ATmega_DFP/1.3.300/gcc/dev/atmega256rfr2/avr6/crtatmega256rfr2.o
 .debug_abbrev  0x000012d6      0x26c stack/phy/atmegarfr2/src/phy.o
 .debug_abbrev  0x00001542      0x2a2 template.o
 .debug_abbrev  0x000017e4      0x344 src/at30ts.o
 .debug_abbrev  0x00001b28      0x2df src/temperature.o
 .debug_abbrev  0x00001e07      0x1a6 src/ASF/common/services/clock/mega/sysclk.o
 .debug_abbrev  0x00001fad      0x149 src/ASF/mega/boards/atmega256rfr2_xplained_pro/init.o
 .debug_abbrev  0x000020f6      0x2cd src/ASF/mega/drivers/twi/twi_megarf.o

.debug_line     0x00000000     0x3729
 *(.debug_line .debug_line.* .debug_line_end)
 .debug_line    0x00000000      0x271 C:/Program Files (x86)/Atmel/Studio/7.0/Packs/atmel/ATmega_DFP/1.3.300/gcc/dev/atmega256rfr2/avr6/crtatmega256rfr2.o
 .debug_line    0x00000271      0x512 stack/phy/atmegarfr2/src/phy.o
 .debug_line    0x00000783      0x995 template.o
 .debug_line    0x00001118      0xc48 src/at30ts.o
 .debug_line    0x00001d60      0x784 src/temperature.o
 .debug_line    0x000024e4      0x597 src/ASF/common/services/clock/mega/sysclk.o
 .debug_line    0x00002a7b      0x479 src/ASF/mega/boards/atmega256rfr2_xplained_pro/init.o
 .debug_line    0x00002ef4      0x835 src/ASF/mega/drivers/twi/twi_megarf.o

.debug_frame    0x00000000      0x6d8
 *(.debug_frame)
 .debug_frame   0x00000000       0xb4 stack/phy/atmegarfr2/src/phy.o
 .debug_frame   0x000000b4       0xd4 template.o
 .debug_frame   0x00000188      0x310 src/at30ts.o
 .debug_frame   0x00000498       0x9c src/temperature.o
 .debug_frame   0x00000534       0x74 src/ASF/common/services/clock/mega/sysclk.o
 .debug_frame   0x000005a8       0x24 src/ASF/mega/boards/atmega256rfr2_xplained_pro/init.o
 .debug_frame   0x000005cc      0x10c src/ASF/mega/drivers/twi/twi_megarf.o

.debug_str      0x00000000    0x1b75b
 *(.debug_str)
 .debug_str     0x00000000      0x7f7 C:/Program Files (x86)/Atmel/Studio/7.0/Packs/atmel/ATmega_DFP/1.3.300/gcc/dev/atmega256rfr2/avr6/crtatmega256rfr2.o
 .debug_str     0x000007f7     0xf939 stack/phy/atmegarfr2/src/phy.o
                               0xfa9c (size before relaxing)
 .debug_str     0x00010130     0xa219 template.o
                              0x18a88 (size before relaxing)
 .debug_str     0x0001a349      0x693 src/at30ts.o
                              0x17921 (size before relaxing)
 .debug_str     0x0001a9dc      0x594 src/temperature.o
                              0x18495 (size before relaxing)
 .debug_str     0x0001af70       0xa0 src/ASF/common/services/clock/mega/sysclk.o
                              0x16ac6 (size before relaxing)
 .debug_str     0x0001b010      0x165 src/ASF/mega/boards/atmega256rfr2_xplained_pro/init.o
                              0x167ec (size before relaxing)
 .debug_str     0x0001b175      0x5e6 src/ASF/mega/drivers/twi/twi_megarf.o
                              0x16245 (size before relaxing)

.debug_loc      0x00000000     0x1ad7
 *(.debug_loc)
 .debug_loc     0x00000000      0x1a2 stack/phy/atmegarfr2/src/phy.o
 .debug_loc     0x000001a2      0x25c template.o
 .debug_loc     0x000003fe      0xf85 src/at30ts.o
 .debug_loc     0x00001383      0x18b src/temperature.o
 .debug_loc     0x0000150e      0x1f2 src/ASF/common/services/clock/mega/sysclk.o
 .debug_loc     0x00001700       0x51 src/ASF/mega/boards/atmega256rfr2_xplained_pro/init.o
 .debug_loc     0x00001751      0x386 src/ASF/mega/drivers/twi/twi_megarf.o

.debug_macinfo
 *(.debug_macinfo)

.debug_weaknames
 *(.debug_weaknames)

.debug_funcnames
 *(.debug_funcnames)

.debug_typenames
 *(.debug_typenames)

.debug_varnames
 *(.debug_varnames)

.debug_pubtypes
 *(.debug_pubtypes)

.debug_ranges   0x00000000      0x248
 *(.debug_ranges)
 .debug_ranges  0x00000000       0x50 stack/phy/atmegarfr2/src/phy.o
 .debug_ranges  0x00000050       0x78 template.o
 .debug_ranges  0x000000c8       0xc8 src/at30ts.o
 .debug_ranges  0x00000190       0x28 src/temperature.o
 .debug_ranges  0x000001b8       0x20 src/ASF/common/services/clock/mega/sysclk.o
 .debug_ranges  0x000001d8       0x10 src/ASF/mega/boards/atmega256rfr2_xplained_pro/init.o
 .debug_ranges  0x000001e8       0x60 src/ASF/mega/drivers/twi/twi_megarf.o

.debug_macro    0x00000000     0x7f39
 *(.debug_macro)
 .debug_macro   0x00000000      0x106 stack/phy/atmegarfr2/src/phy.o
 .debug_macro   0x00000106      0xa8a stack/phy/atmegarfr2/src/phy.o
 .debug_macro   0x00000b90      0x1c9 stack/phy/atmegarfr2/src/phy.o
 .debug_macro   0x00000d59       0x10 stack/phy/atmegarfr2/src/phy.o
 .debug_macro   0x00000d69      0x302 stack/phy/atmegarfr2/src/phy.o
 .debug_macro   0x0000106b       0x9e stack/phy/atmegarfr2/src/phy.o
 .debug_macro   0x00001109     0x37d1 stack/phy/atmegarfr2/src/phy.o
 .debug_macro   0x000048da      0x219 stack/phy/atmegarfr2/src/phy.o
 .debug_macro   0x00004af3       0xd9 stack/phy/atmegarfr2/src/phy.o
 .debug_macro   0x00004bcc       0x34 stack/phy/atmegarfr2/src/phy.o
 .debug_macro   0x00004c00       0x18 stack/phy/atmegarfr2/src/phy.o
 .debug_macro   0x00004c18       0x6c stack/phy/atmegarfr2/src/phy.o
 .debug_macro   0x00004c84       0x68 stack/phy/atmegarfr2/src/phy.o
 .debug_macro   0x00004cec       0x69 stack/phy/atmegarfr2/src/phy.o
 .debug_macro   0x00004d55       0x10 stack/phy/atmegarfr2/src/phy.o
 .debug_macro   0x00004d65       0x89 stack/phy/atmegarfr2/src/phy.o
 .debug_macro   0x00004dee      0x181 stack/phy/atmegarfr2/src/phy.o
 .debug_macro   0x00004f6f       0x34 stack/phy/atmegarfr2/src/phy.o
 .debug_macro   0x00004fa3       0x22 stack/phy/atmegarfr2/src/phy.o
 .debug_macro   0x00004fc5       0x40 stack/phy/atmegarfr2/src/phy.o
 .debug_macro   0x00005005      0x27e stack/phy/atmegarfr2/src/phy.o
 .debug_macro   0x00005283      0x2fa template.o
 .debug_macro   0x0000557d       0x10 template.o
 .debug_macro   0x0000558d       0x10 template.o
 .debug_macro   0x0000559d       0x10 template.o
 .debug_macro   0x000055ad       0x1c template.o
 .debug_macro   0x000055c9       0x1c template.o
 .debug_macro   0x000055e5       0x10 template.o
 .debug_macro   0x000055f5       0xf6 template.o
 .debug_macro   0x000056eb       0x1c template.o
 .debug_macro   0x00005707       0x35 template.o
 .debug_macro   0x0000573c       0x5a template.o
 .debug_macro   0x00005796      0x6c2 template.o
 .debug_macro   0x00005e58       0x44 template.o
 .debug_macro   0x00005e9c       0x32 template.o
 .debug_macro   0x00005ece       0x46 template.o
 .debug_macro   0x00005f14      0x100 template.o
 .debug_macro   0x00006014       0x16 template.o
 .debug_macro   0x0000602a       0x16 template.o
 .debug_macro   0x00006040       0xac template.o
 .debug_macro   0x000060ec       0x3a template.o
 .debug_macro   0x00006126      0x2c6 template.o
 .debug_macro   0x000063ec       0x6e template.o
 .debug_macro   0x0000645a       0x40 template.o
 .debug_macro   0x0000649a       0x16 template.o
 .debug_macro   0x000064b0       0x34 template.o
 .debug_macro   0x000064e4       0xce template.o
 .debug_macro   0x000065b2       0x1c template.o
 .debug_macro   0x000065ce       0xf0 template.o
 .debug_macro   0x000066be      0x34e template.o
 .debug_macro   0x00006a0c       0x28 template.o
 .debug_macro   0x00006a34       0x1d template.o
 .debug_macro   0x00006a51       0x58 template.o
 .debug_macro   0x00006aa9       0x10 template.o
 .debug_macro   0x00006ab9       0xf2 template.o
 .debug_macro   0x00006bab      0x20e src/at30ts.o
 .debug_macro   0x00006db9      0x2fc src/at30ts.o
 .debug_macro   0x000070b5      0x16d src/at30ts.o
 .debug_macro   0x00007222       0x66 src/at30ts.o
 .debug_macro   0x00007288      0x175 src/at30ts.o
 .debug_macro   0x000073fd       0x40 src/at30ts.o
 .debug_macro   0x0000743d      0x267 src/temperature.o
 .debug_macro   0x000076a4       0x10 src/temperature.o
 .debug_macro   0x000076b4      0x160 src/temperature.o
 .debug_macro   0x00007814      0x192 src/ASF/common/services/clock/mega/sysclk.o
 .debug_macro   0x000079a6      0x180 src/ASF/mega/boards/atmega256rfr2_xplained_pro/init.o
 .debug_macro   0x00007b26      0x2c0 src/ASF/mega/boards/atmega256rfr2_xplained_pro/init.o
 .debug_macro   0x00007de6      0x153 src/ASF/mega/drivers/twi/twi_megarf.o
OUTPUT(Template.elf elf32-avr)
LOAD linker stubs
